[+] Containers:
 |- [+] Container: /Game/Erin/TitleScreenSetUp/TitleScreen
 |   |- [+] ActorDescs:
 |   |   |- Guid:05603EA524733D41B72D29F93A227E01 NativeClass:/Script/Engine.StaticMeshActor Name:StaticMeshActor_UAID_A4AE111137DC5EFB00_2001720423 Label:SM_SkySphere SpatiallyLoaded:false EditorBounds:IsValid=true, Min=(X=-1638400.000 Y=-1638400.000 Z=-1638400.000), Max=(X=1638400.000 Y=1638400.000 Z=1638400.000) RuntimeBounds:IsValid=true, Min=(X=-1638400.000 Y=-1638400.000 Z=-1638400.000), Max=(X=1638400.000 Y=1638400.000 Z=1638400.000) RuntimeGrid:None EditorOnly:false RuntimeOnly:false HLODRelevant:false ListedInSceneOutliner:true IsMainWorldOnly:false FolderPath:Lighting FolderGuid:0BA5F0A04EADB18E70D5B180D08FA34B
 |   |   |- Guid:10045334E6903EA8BD630C214C7BF393 NativeClass:/Script/Engine.SkyLight Name:SkyLight_0 Label:SkyLight SpatiallyLoaded:false EditorBounds:IsValid=true, Min=(X=-1.000 Y=-1.000 Z=-1.000), Max=(X=1.000 Y=1.000 Z=690.000) RuntimeBounds:IsValid=true, Min=(X=0.000 Y=0.000 Z=690.000), Max=(X=0.000 Y=0.000 Z=690.000) RuntimeGrid:None EditorOnly:false RuntimeOnly:false HLODRelevant:false ListedInSceneOutliner:true IsMainWorldOnly:false FolderPath:Lighting FolderGuid:0BA5F0A04EADB18E70D5B180D08FA34B
 |   |   |- Guid:1AB3EBF0D4C935CB98379F7953CE920E NativeClass:/Script/Engine.DirectionalLight Name:DirectionalLight_1 Label:DirectionalLight SpatiallyLoaded:false EditorBounds:IsValid=false, Min=(X=0.000 Y=0.000 Z=0.000), Max=(X=0.000 Y=0.000 Z=0.000) RuntimeBounds:IsValid=false, Min=(X=0.000 Y=0.000 Z=0.000), Max=(X=0.000 Y=0.000 Z=0.000) RuntimeGrid:None EditorOnly:false RuntimeOnly:false HLODRelevant:false ListedInSceneOutliner:true IsMainWorldOnly:false FolderPath:Lighting FolderGuid:0BA5F0A04EADB18E70D5B180D08FA34B
 |   |   |- Guid:2D1B662293423BF996274C1562C27A25 BaseClass:/Game/Erin/RadioInteractive/Item_Radio.Item_Radio_C NativeClass:/Script/Engine.Actor Name:Item_Radio_C_UAID_244BFE06136E82AA02_1769520897 Label:Item_Radio2 SpatiallyLoaded:true EditorBounds:IsValid=true, Min=(X=665.859 Y=-1014.141 Z=136.000), Max=(X=814.141 Y=-865.859 Z=269.487) RuntimeBounds:IsValid=true, Min=(X=665.859 Y=-1014.141 Z=136.000), Max=(X=814.141 Y=-865.859 Z=269.487) RuntimeGrid:None EditorOnly:false RuntimeOnly:false HLODRelevant:false ListedInSceneOutliner:true IsMainWorldOnly:false
 |   |   |- Guid:2F0CD59DDD7038B4B22F3173628E76AF NativeClass:/Script/Engine.SpotLight Name:SpotLight_UAID_244BFE06136E82AA02_1823312899 Label:SpotLight SpatiallyLoaded:true EditorBounds:IsValid=true, Min=(X=-156.312 Y=-1795.225 Z=-997.313), Max=(X=1682.166 Y=43.253 Z=841.165) RuntimeBounds:IsValid=true, Min=(X=-156.312 Y=-1795.225 Z=-997.313), Max=(X=1682.166 Y=43.253 Z=841.165) RuntimeGrid:None EditorOnly:false RuntimeOnly:false HLODRelevant:false ListedInSceneOutliner:true IsMainWorldOnly:false
 |   |   |- Guid:432519EE274B381EB4A087D2B9A2F548 NativeClass:/Script/Engine.StaticMeshActor Name:StaticMeshActor_UAID_244BFE06136E82AA02_1976232901 Label:Cube2 SpatiallyLoaded:true EditorBounds:IsValid=true, Min=(X=-71.603 Y=-1745.929 Z=-305.000), Max=(X=1251.603 Y=345.929 Z=745.000) RuntimeBounds:IsValid=true, Min=(X=-71.603 Y=-1745.929 Z=-305.000), Max=(X=1251.603 Y=345.929 Z=745.000) RuntimeGrid:None EditorOnly:false RuntimeOnly:false HLODRelevant:true ListedInSceneOutliner:true IsMainWorldOnly:false
 |   |   |- Guid:60D61698E31A37A2A8AB3F2D23314A9F NativeClass:/Script/Engine.PostProcessVolume Name:PostProcessVolume_0 Label:PostProcessVolume SpatiallyLoaded:false EditorBounds:IsValid=true, Min=(X=0.000 Y=0.000 Z=400.000), Max=(X=200.000 Y=200.000 Z=600.000) RuntimeBounds:IsValid=true, Min=(X=0.000 Y=0.000 Z=400.000), Max=(X=200.000 Y=200.000 Z=600.000) RuntimeGrid:None EditorOnly:false RuntimeOnly:false HLODRelevant:false ListedInSceneOutliner:true IsMainWorldOnly:false FolderPath:Lighting FolderGuid:0BA5F0A04EADB18E70D5B180D08FA34B
 |   |   |- Guid:6D0151DB580E3ECC908BECF29BC36286 NativeClass:/Script/Engine.PlayerStart Name:PlayerStart_0 Label:PlayerStart SpatiallyLoaded:false EditorBounds:IsValid=true, Min=(X=889.754 Y=-1228.000 Z=84.013), Max=(X=1268.000 Y=-972.000 Z=340.013) RuntimeBounds:IsValid=true, Min=(X=1093.662 Y=-1146.338 Z=120.013), Max=(X=1186.338 Y=-1053.662 Z=304.013) RuntimeGrid:None EditorOnly:false RuntimeOnly:false HLODRelevant:false ListedInSceneOutliner:true IsMainWorldOnly:false
 |   |   |- Guid:768EF33868933258964EF30D76D9F5C9 BaseClass:/Game/Erin/NonInteractables/Item_Desk.Item_Desk_C NativeClass:/Script/Engine.Actor Name:Item_Desk_C_UAID_244BFE06136E82AA02_1657686896 Label:Item_Desk SpatiallyLoaded:true EditorBounds:IsValid=true, Min=(X=616.699 Y=-1018.205 Z=-30.000), Max=(X=937.942 Y=-601.795 Z=337.500) RuntimeBounds:IsValid=true, Min=(X=616.699 Y=-1018.205 Z=-30.000), Max=(X=937.942 Y=-601.795 Z=337.500) RuntimeGrid:None EditorOnly:false RuntimeOnly:false HLODRelevant:false ListedInSceneOutliner:true IsMainWorldOnly:false
 |   |   |- Guid:7F516FD9DDCB355689A42A451303F8AD NativeClass:/Script/Engine.StaticMeshActor Name:StaticMeshActor_UAID_244BFE06136E83AA02_1159113078 Label:Cube3 SpatiallyLoaded:true EditorBounds:IsValid=true, Min=(X=290.000 Y=-2320.000 Z=-230.000), Max=(X=1790.000 Y=-20.000 Z=-30.000) RuntimeBounds:IsValid=true, Min=(X=290.000 Y=-2320.000 Z=-230.000), Max=(X=1790.000 Y=-20.000 Z=-30.000) RuntimeGrid:None EditorOnly:false RuntimeOnly:false HLODRelevant:true ListedInSceneOutliner:true IsMainWorldOnly:false
 |   |   |- Guid:9CFB59DAC217374CBD082A2CA7134B3B NativeClass:/Script/Engine.VolumetricCloud Name:VolumetricCloud_0 Label:VolumetricCloud SpatiallyLoaded:false EditorBounds:IsValid=true, Min=(X=-128.000 Y=-128.000 Z=692.000), Max=(X=128.000 Y=128.000 Z=948.000) RuntimeBounds:IsValid=true, Min=(X=0.000 Y=0.000 Z=820.000), Max=(X=0.000 Y=0.000 Z=820.000) RuntimeGrid:None EditorOnly:false RuntimeOnly:false HLODRelevant:false ListedInSceneOutliner:true IsMainWorldOnly:false FolderPath:Lighting FolderGuid:0BA5F0A04EADB18E70D5B180D08FA34B
 |   |   |- Guid:B05B228D93DA371883DC086F13F417AA NativeClass:/Script/Engine.ExponentialHeightFog Name:ExponentialHeightFog_0 Label:ExponentialHeightFog SpatiallyLoaded:false EditorBounds:IsValid=true, Min=(X=-5728.000 Y=-178.000 Z=-6978.000), Max=(X=-5472.000 Y=78.000 Z=-6722.000) RuntimeBounds:IsValid=true, Min=(X=-5600.000 Y=-50.000 Z=-6850.000), Max=(X=-5600.000 Y=-50.000 Z=-6850.000) RuntimeGrid:None EditorOnly:false RuntimeOnly:false HLODRelevant:false ListedInSceneOutliner:true IsMainWorldOnly:false FolderPath:Lighting FolderGuid:0BA5F0A04EADB18E70D5B180D08FA34B
 |   |   |- Guid:B08BD3C514AF36668F541DDD85CEB435 NativeClass:/Script/Engine.WorldDataLayers Name:WorldDataLayers Label:WorldDataLayers SpatiallyLoaded:false EditorBounds:IsValid=false, Min=(X=0.000 Y=0.000 Z=0.000), Max=(X=0.000 Y=0.000 Z=0.000) RuntimeBounds:IsValid=false, Min=(X=0.000 Y=0.000 Z=0.000), Max=(X=0.000 Y=0.000 Z=0.000) RuntimeGrid:None EditorOnly:false RuntimeOnly:false HLODRelevant:false ListedInSceneOutliner:true IsMainWorldOnly:true
 |   |   |- Guid:D6702F2C33803717ADA11FDD514C97AD NativeClass:/Script/Engine.SkyAtmosphere Name:SkyAtmosphere_0 Label:SkyAtmosphere SpatiallyLoaded:false EditorBounds:IsValid=true, Min=(X=-128.000 Y=-128.000 Z=892.000), Max=(X=240.000 Y=128.000 Z=1148.000) RuntimeBounds:IsValid=true, Min=(X=0.000 Y=0.000 Z=1020.000), Max=(X=0.000 Y=0.000 Z=1020.000) RuntimeGrid:None EditorOnly:false RuntimeOnly:false HLODRelevant:false ListedInSceneOutliner:true IsMainWorldOnly:false FolderPath:Lighting FolderGuid:0BA5F0A04EADB18E70D5B180D08FA34B
 |   |   |- Guid:E481FFAF17E33AB3B7998F7017969392 NativeClass:/Script/Engine.StaticMeshActor Name:StaticMeshActor_UAID_244BFE06136E82AA02_1476976895 Label:Cube SpatiallyLoaded:true EditorBounds:IsValid=true, Min=(X=-375.230 Y=-2495.810 Z=-305.000), Max=(X=1515.230 Y=-864.190 Z=745.000) RuntimeBounds:IsValid=true, Min=(X=-375.230 Y=-2495.810 Z=-305.000), Max=(X=1515.230 Y=-864.190 Z=745.000) RuntimeGrid:None EditorOnly:false RuntimeOnly:false HLODRelevant:true ListedInSceneOutliner:true IsMainWorldOnly:false
 |   |- [+] Clusters:
 |   |   |- [+] [  0]
 |   |   |   |- Guid:05603EA524733D41B72D29F93A227E01 NativeClass:/Script/Engine.StaticMeshActor Name:StaticMeshActor_UAID_A4AE111137DC5EFB00_2001720423 Label:SM_SkySphere SpatiallyLoaded:false EditorBounds:IsValid=true, Min=(X=-1638400.000 Y=-1638400.000 Z=-1638400.000), Max=(X=1638400.000 Y=1638400.000 Z=1638400.000) RuntimeBounds:IsValid=true, Min=(X=-1638400.000 Y=-1638400.000 Z=-1638400.000), Max=(X=1638400.000 Y=1638400.000 Z=1638400.000) RuntimeGrid:None EditorOnly:false RuntimeOnly:false HLODRelevant:false ListedInSceneOutliner:true IsMainWorldOnly:false FolderPath:Lighting FolderGuid:0BA5F0A04EADB18E70D5B180D08FA34B
 |   |   |- [+] [  1]
 |   |   |   |- Guid:10045334E6903EA8BD630C214C7BF393 NativeClass:/Script/Engine.SkyLight Name:SkyLight_0 Label:SkyLight SpatiallyLoaded:false EditorBounds:IsValid=true, Min=(X=-1.000 Y=-1.000 Z=-1.000), Max=(X=1.000 Y=1.000 Z=690.000) RuntimeBounds:IsValid=true, Min=(X=0.000 Y=0.000 Z=690.000), Max=(X=0.000 Y=0.000 Z=690.000) RuntimeGrid:None EditorOnly:false RuntimeOnly:false HLODRelevant:false ListedInSceneOutliner:true IsMainWorldOnly:false FolderPath:Lighting FolderGuid:0BA5F0A04EADB18E70D5B180D08FA34B
 |   |   |- [+] [  2]
 |   |   |   |- Guid:1AB3EBF0D4C935CB98379F7953CE920E NativeClass:/Script/Engine.DirectionalLight Name:DirectionalLight_1 Label:DirectionalLight SpatiallyLoaded:false EditorBounds:IsValid=false, Min=(X=0.000 Y=0.000 Z=0.000), Max=(X=0.000 Y=0.000 Z=0.000) RuntimeBounds:IsValid=false, Min=(X=0.000 Y=0.000 Z=0.000), Max=(X=0.000 Y=0.000 Z=0.000) RuntimeGrid:None EditorOnly:false RuntimeOnly:false HLODRelevant:false ListedInSceneOutliner:true IsMainWorldOnly:false FolderPath:Lighting FolderGuid:0BA5F0A04EADB18E70D5B180D08FA34B
 |   |   |- [+] [  3]
 |   |   |   |- Guid:2D1B662293423BF996274C1562C27A25 BaseClass:/Game/Erin/RadioInteractive/Item_Radio.Item_Radio_C NativeClass:/Script/Engine.Actor Name:Item_Radio_C_UAID_244BFE06136E82AA02_1769520897 Label:Item_Radio2 SpatiallyLoaded:true EditorBounds:IsValid=true, Min=(X=665.859 Y=-1014.141 Z=136.000), Max=(X=814.141 Y=-865.859 Z=269.487) RuntimeBounds:IsValid=true, Min=(X=665.859 Y=-1014.141 Z=136.000), Max=(X=814.141 Y=-865.859 Z=269.487) RuntimeGrid:None EditorOnly:false RuntimeOnly:false HLODRelevant:false ListedInSceneOutliner:true IsMainWorldOnly:false
 |   |   |- [+] [  4]
 |   |   |   |- Guid:2F0CD59DDD7038B4B22F3173628E76AF NativeClass:/Script/Engine.SpotLight Name:SpotLight_UAID_244BFE06136E82AA02_1823312899 Label:SpotLight SpatiallyLoaded:true EditorBounds:IsValid=true, Min=(X=-156.312 Y=-1795.225 Z=-997.313), Max=(X=1682.166 Y=43.253 Z=841.165) RuntimeBounds:IsValid=true, Min=(X=-156.312 Y=-1795.225 Z=-997.313), Max=(X=1682.166 Y=43.253 Z=841.165) RuntimeGrid:None EditorOnly:false RuntimeOnly:false HLODRelevant:false ListedInSceneOutliner:true IsMainWorldOnly:false
 |   |   |- [+] [  5]
 |   |   |   |- Guid:432519EE274B381EB4A087D2B9A2F548 NativeClass:/Script/Engine.StaticMeshActor Name:StaticMeshActor_UAID_244BFE06136E82AA02_1976232901 Label:Cube2 SpatiallyLoaded:true EditorBounds:IsValid=true, Min=(X=-71.603 Y=-1745.929 Z=-305.000), Max=(X=1251.603 Y=345.929 Z=745.000) RuntimeBounds:IsValid=true, Min=(X=-71.603 Y=-1745.929 Z=-305.000), Max=(X=1251.603 Y=345.929 Z=745.000) RuntimeGrid:None EditorOnly:false RuntimeOnly:false HLODRelevant:true ListedInSceneOutliner:true IsMainWorldOnly:false
 |   |   |- [+] [  6]
 |   |   |   |- Guid:60D61698E31A37A2A8AB3F2D23314A9F NativeClass:/Script/Engine.PostProcessVolume Name:PostProcessVolume_0 Label:PostProcessVolume SpatiallyLoaded:false EditorBounds:IsValid=true, Min=(X=0.000 Y=0.000 Z=400.000), Max=(X=200.000 Y=200.000 Z=600.000) RuntimeBounds:IsValid=true, Min=(X=0.000 Y=0.000 Z=400.000), Max=(X=200.000 Y=200.000 Z=600.000) RuntimeGrid:None EditorOnly:false RuntimeOnly:false HLODRelevant:false ListedInSceneOutliner:true IsMainWorldOnly:false FolderPath:Lighting FolderGuid:0BA5F0A04EADB18E70D5B180D08FA34B
 |   |   |- [+] [  7]
 |   |   |   |- Guid:6D0151DB580E3ECC908BECF29BC36286 NativeClass:/Script/Engine.PlayerStart Name:PlayerStart_0 Label:PlayerStart SpatiallyLoaded:false EditorBounds:IsValid=true, Min=(X=889.754 Y=-1228.000 Z=84.013), Max=(X=1268.000 Y=-972.000 Z=340.013) RuntimeBounds:IsValid=true, Min=(X=1093.662 Y=-1146.338 Z=120.013), Max=(X=1186.338 Y=-1053.662 Z=304.013) RuntimeGrid:None EditorOnly:false RuntimeOnly:false HLODRelevant:false ListedInSceneOutliner:true IsMainWorldOnly:false
 |   |   |- [+] [  8]
 |   |   |   |- Guid:768EF33868933258964EF30D76D9F5C9 BaseClass:/Game/Erin/NonInteractables/Item_Desk.Item_Desk_C NativeClass:/Script/Engine.Actor Name:Item_Desk_C_UAID_244BFE06136E82AA02_1657686896 Label:Item_Desk SpatiallyLoaded:true EditorBounds:IsValid=true, Min=(X=616.699 Y=-1018.205 Z=-30.000), Max=(X=937.942 Y=-601.795 Z=337.500) RuntimeBounds:IsValid=true, Min=(X=616.699 Y=-1018.205 Z=-30.000), Max=(X=937.942 Y=-601.795 Z=337.500) RuntimeGrid:None EditorOnly:false RuntimeOnly:false HLODRelevant:false ListedInSceneOutliner:true IsMainWorldOnly:false
 |   |   |- [+] [  9]
 |   |   |   |- Guid:7F516FD9DDCB355689A42A451303F8AD NativeClass:/Script/Engine.StaticMeshActor Name:StaticMeshActor_UAID_244BFE06136E83AA02_1159113078 Label:Cube3 SpatiallyLoaded:true EditorBounds:IsValid=true, Min=(X=290.000 Y=-2320.000 Z=-230.000), Max=(X=1790.000 Y=-20.000 Z=-30.000) RuntimeBounds:IsValid=true, Min=(X=290.000 Y=-2320.000 Z=-230.000), Max=(X=1790.000 Y=-20.000 Z=-30.000) RuntimeGrid:None EditorOnly:false RuntimeOnly:false HLODRelevant:true ListedInSceneOutliner:true IsMainWorldOnly:false
 |   |   |- [+] [ 10]
 |   |   |   |- Guid:9CFB59DAC217374CBD082A2CA7134B3B NativeClass:/Script/Engine.VolumetricCloud Name:VolumetricCloud_0 Label:VolumetricCloud SpatiallyLoaded:false EditorBounds:IsValid=true, Min=(X=-128.000 Y=-128.000 Z=692.000), Max=(X=128.000 Y=128.000 Z=948.000) RuntimeBounds:IsValid=true, Min=(X=0.000 Y=0.000 Z=820.000), Max=(X=0.000 Y=0.000 Z=820.000) RuntimeGrid:None EditorOnly:false RuntimeOnly:false HLODRelevant:false ListedInSceneOutliner:true IsMainWorldOnly:false FolderPath:Lighting FolderGuid:0BA5F0A04EADB18E70D5B180D08FA34B
 |   |   |- [+] [ 11]
 |   |   |   |- Guid:B05B228D93DA371883DC086F13F417AA NativeClass:/Script/Engine.ExponentialHeightFog Name:ExponentialHeightFog_0 Label:ExponentialHeightFog SpatiallyLoaded:false EditorBounds:IsValid=true, Min=(X=-5728.000 Y=-178.000 Z=-6978.000), Max=(X=-5472.000 Y=78.000 Z=-6722.000) RuntimeBounds:IsValid=true, Min=(X=-5600.000 Y=-50.000 Z=-6850.000), Max=(X=-5600.000 Y=-50.000 Z=-6850.000) RuntimeGrid:None EditorOnly:false RuntimeOnly:false HLODRelevant:false ListedInSceneOutliner:true IsMainWorldOnly:false FolderPath:Lighting FolderGuid:0BA5F0A04EADB18E70D5B180D08FA34B
 |   |   |- [+] [ 12]
 |   |   |   |- Guid:B08BD3C514AF36668F541DDD85CEB435 NativeClass:/Script/Engine.WorldDataLayers Name:WorldDataLayers Label:WorldDataLayers SpatiallyLoaded:false EditorBounds:IsValid=false, Min=(X=0.000 Y=0.000 Z=0.000), Max=(X=0.000 Y=0.000 Z=0.000) RuntimeBounds:IsValid=false, Min=(X=0.000 Y=0.000 Z=0.000), Max=(X=0.000 Y=0.000 Z=0.000) RuntimeGrid:None EditorOnly:false RuntimeOnly:false HLODRelevant:false ListedInSceneOutliner:true IsMainWorldOnly:true
 |   |   |- [+] [ 13]
 |   |   |   |- Guid:D6702F2C33803717ADA11FDD514C97AD NativeClass:/Script/Engine.SkyAtmosphere Name:SkyAtmosphere_0 Label:SkyAtmosphere SpatiallyLoaded:false EditorBounds:IsValid=true, Min=(X=-128.000 Y=-128.000 Z=892.000), Max=(X=240.000 Y=128.000 Z=1148.000) RuntimeBounds:IsValid=true, Min=(X=0.000 Y=0.000 Z=1020.000), Max=(X=0.000 Y=0.000 Z=1020.000) RuntimeGrid:None EditorOnly:false RuntimeOnly:false HLODRelevant:false ListedInSceneOutliner:true IsMainWorldOnly:false FolderPath:Lighting FolderGuid:0BA5F0A04EADB18E70D5B180D08FA34B
 |   |   |- [+] [ 14]
 |   |   |   |- Guid:E481FFAF17E33AB3B7998F7017969392 NativeClass:/Script/Engine.StaticMeshActor Name:StaticMeshActor_UAID_244BFE06136E82AA02_1476976895 Label:Cube SpatiallyLoaded:true EditorBounds:IsValid=true, Min=(X=-375.230 Y=-2495.810 Z=-305.000), Max=(X=1515.230 Y=-864.190 Z=745.000) RuntimeBounds:IsValid=true, Min=(X=-375.230 Y=-2495.810 Z=-305.000), Max=(X=1515.230 Y=-864.190 Z=745.000) RuntimeGrid:None EditorOnly:false RuntimeOnly:false HLODRelevant:true ListedInSceneOutliner:true IsMainWorldOnly:false
 |- ContainerInstances:
 |- [+] MainContainer:
 |   |-        ID: 00000000000000000000000000000000
 |   |-  ParentID: 00000000000000000000000000000000
 |   |-    Bounds: IsValid=false, Min=(X=0.000 Y=0.000 Z=0.000), Max=(X=0.000 Y=0.000 Z=0.000)
 |   |- Transform: 0.000000,0.000000,0.000000|0.000000,0.000000,-0.000000|1.000000,1.000000,1.000000
 |   |- Container: /Game/Erin/TitleScreenSetUp/TitleScreen
----------------------------------------------------------------------------------------------------------------
TitleScreen - Persistent Level
----------------------------------------------------------------------------------------------------------------
[+] Content of TitleScreen Persistent Level
 |- Always loaded Actor Count: 15 
 |- Actor Path: /Game/Erin/TitleScreenSetUp/TitleScreen.TitleScreen:PersistentLevel.DirectionalLight_1
 |- Actor Package: /Game/__ExternalActors__/Erin/TitleScreenSetUp/TitleScreen/9/3P/K8SM5AEYTXI1LPJ531N2FR
 |- Actor Path: /Game/Erin/TitleScreenSetUp/TitleScreen.TitleScreen:PersistentLevel.ExponentialHeightFog_0
 |- Actor Package: /Game/__ExternalActors__/Erin/TitleScreenSetUp/TitleScreen/6/80/0WJ1B8ANHAMQ0UPADC0PFR
 |- Actor Path: /Game/Erin/TitleScreenSetUp/TitleScreen.TitleScreen:PersistentLevel.Item_Desk_C_UAID_244BFE06136E82AA02_1657686896
 |- Actor Package: /Game/__ExternalActors__/Erin/TitleScreenSetUp/TitleScreen/6/XG/BNWAUVSROERHO2NT15DHSS
 |- Actor Path: /Game/Erin/TitleScreenSetUp/TitleScreen.TitleScreen:PersistentLevel.Item_Radio_C_UAID_244BFE06136E82AA02_1769520897
 |- Actor Package: /Game/__ExternalActors__/Erin/TitleScreenSetUp/TitleScreen/B/A0/ODP43QMD2I86PQ00GA8BYX
 |- Actor Path: /Game/Erin/TitleScreenSetUp/TitleScreen.TitleScreen:PersistentLevel.PlayerStart_0
 |- Actor Package: /Game/__ExternalActors__/Erin/TitleScreenSetUp/TitleScreen/5/DX/KSDL38EZQAL3NQWCFIHCKA
 |- Actor Path: /Game/Erin/TitleScreenSetUp/TitleScreen.TitleScreen:PersistentLevel.PostProcessVolume_0
 |- Actor Package: /Game/__ExternalActors__/Erin/TitleScreenSetUp/TitleScreen/B/3F/NGUNLKNZTW48LBWPS3PPU8
 |- Actor Path: /Game/Erin/TitleScreenSetUp/TitleScreen.TitleScreen:PersistentLevel.SkyAtmosphere_0
 |- Actor Package: /Game/__ExternalActors__/Erin/TitleScreenSetUp/TitleScreen/9/6X/AVLNKH4CZSTI4XUOINTZO7
 |- Actor Path: /Game/Erin/TitleScreenSetUp/TitleScreen.TitleScreen:PersistentLevel.SkyLight_0
 |- Actor Package: /Game/__ExternalActors__/Erin/TitleScreenSetUp/TitleScreen/0/3C/AMI6F32Z2GEFFTB08E3VN0
 |- Actor Path: /Game/Erin/TitleScreenSetUp/TitleScreen.TitleScreen:PersistentLevel.SpotLight_UAID_244BFE06136E82AA02_1823312899
 |- Actor Package: /Game/__ExternalActors__/Erin/TitleScreenSetUp/TitleScreen/E/PS/KOMS5TMQVY3BNDHHTDX6NE
 |- Actor Path: /Game/Erin/TitleScreenSetUp/TitleScreen.TitleScreen:PersistentLevel.StaticMeshActor_UAID_244BFE06136E82AA02_1476976895
 |- Actor Package: /Game/__ExternalActors__/Erin/TitleScreenSetUp/TitleScreen/2/WP/W3VBGUW9VJBHITZE4TJXIT
 |- Actor Path: /Game/Erin/TitleScreenSetUp/TitleScreen.TitleScreen:PersistentLevel.StaticMeshActor_UAID_244BFE06136E82AA02_1976232901
 |- Actor Package: /Game/__ExternalActors__/Erin/TitleScreenSetUp/TitleScreen/D/ES/0Y28RD0IK0FA51KANZYARY
 |- Actor Path: /Game/Erin/TitleScreenSetUp/TitleScreen.TitleScreen:PersistentLevel.StaticMeshActor_UAID_244BFE06136E83AA02_1159113078
 |- Actor Package: /Game/__ExternalActors__/Erin/TitleScreenSetUp/TitleScreen/3/LX/Q2JR5P2EKES20FSA1J6SA7
 |- Actor Path: /Game/Erin/TitleScreenSetUp/TitleScreen.TitleScreen:PersistentLevel.StaticMeshActor_UAID_A4AE111137DC5EFB00_2001720423
 |- Actor Package: /Game/__ExternalActors__/Erin/TitleScreenSetUp/TitleScreen/D/CI/OCHNXNDN4II98ZW214XEF1
 |- Actor Path: /Game/Erin/TitleScreenSetUp/TitleScreen.TitleScreen:PersistentLevel.VolumetricCloud_0
 |- Actor Package: /Game/__ExternalActors__/Erin/TitleScreenSetUp/TitleScreen/8/AY/VEQSNCN4MEY1VRQPYK7WT2
 |- Actor Path: /Game/Erin/TitleScreenSetUp/TitleScreen.TitleScreen:PersistentLevel.WorldDataLayers
 |- Actor Package: /Game/__ExternalActors__/Erin/TitleScreenSetUp/TitleScreen/5/NO/2G3HTW40MQ5RMTORUELBWF

----------------------------------------------------------------------------------------------------------------
TitleScreen - Runtime Hash Set
----------------------------------------------------------------------------------------------------------------

