[+] Containers:
 |- [+] Container: /Game/Erin/CreditsSetUp/CreditsScreen
 |   |- [+] ActorDescs:
 |   |   |- Guid:03C369DC0030388783F2621904552CF1 NativeClass:/Script/Engine.PlayerStart Name:PlayerStart_0 Label:PlayerStart SpatiallyLoaded:false EditorBounds:IsValid=true, Min=(X=1262.154 Y=-718.000 Z=244.013), Max=(X=1638.000 Y=-400.718 Z=500.013) RuntimeBounds:IsValid=true, Min=(X=1455.359 Y=-644.641 Z=280.013), Max=(X=1564.641 Y=-535.359 Z=464.013) RuntimeGrid:None EditorOnly:false RuntimeOnly:false HLODRelevant:false ListedInSceneOutliner:true IsMainWorldOnly:false
 |   |   |- Guid:25C0B0EFF17B318AA47D969712F33B69 NativeClass:/Script/Engine.PostProcessVolume Name:PostProcessVolume_0 Label:PostProcessVolume SpatiallyLoaded:false EditorBounds:IsValid=true, Min=(X=0.000 Y=0.000 Z=400.000), Max=(X=200.000 Y=200.000 Z=600.000) RuntimeBounds:IsValid=true, Min=(X=0.000 Y=0.000 Z=400.000), Max=(X=200.000 Y=200.000 Z=600.000) RuntimeGrid:None EditorOnly:false RuntimeOnly:false HLODRelevant:false ListedInSceneOutliner:true IsMainWorldOnly:false FolderPath:Lighting FolderGuid:0BA5F0A04EADB18E70D5B180D08FA34B
 |   |   |- Guid:3F221466E2003D8B920902DDC71ECE9E NativeClass:/Script/Engine.StaticMeshActor Name:StaticMeshActor_UAID_244BFE06136E83AA02_1159113078 Label:Cube3 SpatiallyLoaded:true EditorBounds:IsValid=true, Min=(X=290.000 Y=-2320.000 Z=-230.000), Max=(X=1790.000 Y=-20.000 Z=-30.000) RuntimeBounds:IsValid=true, Min=(X=290.000 Y=-2320.000 Z=-230.000), Max=(X=1790.000 Y=-20.000 Z=-30.000) RuntimeGrid:None EditorOnly:false RuntimeOnly:false HLODRelevant:true ListedInSceneOutliner:true IsMainWorldOnly:false
 |   |   |- Guid:4A6A352E62963FF78DC278A8D35BEAF2 NativeClass:/Script/Engine.StaticMeshActor Name:StaticMeshActor_UAID_244BFE06136E82AA02_1476976895 Label:Cube SpatiallyLoaded:true EditorBounds:IsValid=true, Min=(X=-375.230 Y=-2495.810 Z=-305.000), Max=(X=1515.230 Y=-864.190 Z=745.000) RuntimeBounds:IsValid=true, Min=(X=-375.230 Y=-2495.810 Z=-305.000), Max=(X=1515.230 Y=-864.190 Z=745.000) RuntimeGrid:None EditorOnly:false RuntimeOnly:false HLODRelevant:true ListedInSceneOutliner:true IsMainWorldOnly:false
 |   |   |- Guid:4C57420D66ED39A2BD827EB161A43D07 NativeClass:/Script/Engine.SkyAtmosphere Name:SkyAtmosphere_0 Label:SkyAtmosphere SpatiallyLoaded:false EditorBounds:IsValid=true, Min=(X=-128.000 Y=-128.000 Z=892.000), Max=(X=240.000 Y=128.000 Z=1148.000) RuntimeBounds:IsValid=true, Min=(X=0.000 Y=0.000 Z=1020.000), Max=(X=0.000 Y=0.000 Z=1020.000) RuntimeGrid:None EditorOnly:false RuntimeOnly:false HLODRelevant:false ListedInSceneOutliner:true IsMainWorldOnly:false FolderPath:Lighting FolderGuid:0BA5F0A04EADB18E70D5B180D08FA34B
 |   |   |- Guid:59F31E5980B330D19077056792416676 NativeClass:/Script/Engine.WorldDataLayers Name:WorldDataLayers Label:WorldDataLayers SpatiallyLoaded:false EditorBounds:IsValid=false, Min=(X=0.000 Y=0.000 Z=0.000), Max=(X=0.000 Y=0.000 Z=0.000) RuntimeBounds:IsValid=false, Min=(X=0.000 Y=0.000 Z=0.000), Max=(X=0.000 Y=0.000 Z=0.000) RuntimeGrid:None EditorOnly:false RuntimeOnly:false HLODRelevant:false ListedInSceneOutliner:true IsMainWorldOnly:true
 |   |   |- Guid:5CEE9FD331C93090A8523A8C213D284B BaseClass:/Game/Erin/NonInteractables/Item_Desk.Item_Desk_C NativeClass:/Script/Engine.Actor Name:Item_Desk_C_UAID_244BFE06136E82AA02_1657686896 Label:Item_Desk SpatiallyLoaded:true EditorBounds:IsValid=true, Min=(X=616.699 Y=-1018.205 Z=-30.000), Max=(X=937.942 Y=-601.795 Z=337.500) RuntimeBounds:IsValid=true, Min=(X=616.699 Y=-1018.205 Z=-30.000), Max=(X=937.942 Y=-601.795 Z=337.500) RuntimeGrid:None EditorOnly:false RuntimeOnly:false HLODRelevant:false ListedInSceneOutliner:true IsMainWorldOnly:false
 |   |   |- Guid:6FA8FB8A2FF2372998997438CD880E58 NativeClass:/Script/Engine.VolumetricCloud Name:VolumetricCloud_0 Label:VolumetricCloud SpatiallyLoaded:false EditorBounds:IsValid=true, Min=(X=-128.000 Y=-128.000 Z=692.000), Max=(X=128.000 Y=128.000 Z=948.000) RuntimeBounds:IsValid=true, Min=(X=0.000 Y=0.000 Z=820.000), Max=(X=0.000 Y=0.000 Z=820.000) RuntimeGrid:None EditorOnly:false RuntimeOnly:false HLODRelevant:false ListedInSceneOutliner:true IsMainWorldOnly:false FolderPath:Lighting FolderGuid:0BA5F0A04EADB18E70D5B180D08FA34B
 |   |   |- Guid:742F58B92C0F3ED4BFB31CD2B7934BA8 NativeClass:/Script/Engine.SkyLight Name:SkyLight_0 Label:SkyLight SpatiallyLoaded:false EditorBounds:IsValid=true, Min=(X=-1.000 Y=-1.000 Z=-1.000), Max=(X=1.000 Y=1.000 Z=690.000) RuntimeBounds:IsValid=true, Min=(X=0.000 Y=0.000 Z=690.000), Max=(X=0.000 Y=0.000 Z=690.000) RuntimeGrid:None EditorOnly:false RuntimeOnly:false HLODRelevant:false ListedInSceneOutliner:true IsMainWorldOnly:false FolderPath:Lighting FolderGuid:0BA5F0A04EADB18E70D5B180D08FA34B
 |   |   |- Guid:7BF2E44CE3F13E7B8F278FEF78CF85EB NativeClass:/Script/Engine.StaticMeshActor Name:StaticMeshActor_UAID_244BFE06136E82AA02_1976232901 Label:Cube2 SpatiallyLoaded:true EditorBounds:IsValid=true, Min=(X=-577.853 Y=-2622.780 Z=-842.500), Max=(X=1757.853 Y=1222.780 Z=1282.500) RuntimeBounds:IsValid=true, Min=(X=-577.853 Y=-2622.780 Z=-842.500), Max=(X=1757.853 Y=1222.780 Z=1282.500) RuntimeGrid:None EditorOnly:false RuntimeOnly:false HLODRelevant:true ListedInSceneOutliner:true IsMainWorldOnly:false
 |   |   |- Guid:9C016DAF38DF3B6497BE21EBC110920E NativeClass:/Script/Engine.ExponentialHeightFog Name:ExponentialHeightFog_0 Label:ExponentialHeightFog SpatiallyLoaded:false EditorBounds:IsValid=true, Min=(X=-5728.000 Y=-178.000 Z=-6978.000), Max=(X=-5472.000 Y=78.000 Z=-6722.000) RuntimeBounds:IsValid=true, Min=(X=-5600.000 Y=-50.000 Z=-6850.000), Max=(X=-5600.000 Y=-50.000 Z=-6850.000) RuntimeGrid:None EditorOnly:false RuntimeOnly:false HLODRelevant:false ListedInSceneOutliner:true IsMainWorldOnly:false FolderPath:Lighting FolderGuid:0BA5F0A04EADB18E70D5B180D08FA34B
 |   |   |- Guid:ACCB407E6FBA38AFB4C4B6D9DB7ED494 NativeClass:/Script/Engine.SpotLight Name:SpotLight_UAID_244BFE06136E82AA02_1823312899 Label:SpotLight SpatiallyLoaded:true EditorBounds:IsValid=true, Min=(X=-156.312 Y=-1795.225 Z=-997.313), Max=(X=1682.166 Y=43.253 Z=841.165) RuntimeBounds:IsValid=true, Min=(X=-156.312 Y=-1795.225 Z=-997.313), Max=(X=1682.166 Y=43.253 Z=841.165) RuntimeGrid:None EditorOnly:false RuntimeOnly:false HLODRelevant:false ListedInSceneOutliner:true IsMainWorldOnly:false
 |   |   |- Guid:C68915E0D46E3A7BA32430E05F7E5787 BaseClass:/Game/Erin/RadioInteractive/TitleRadio.TitleRadio_C NativeClass:/Script/Engine.Actor Name:TitleRadio_C_UAID_244BFE06136E87AA02_2034158775 Label:TitleRadio SpatiallyLoaded:true EditorBounds:IsValid=true, Min=(X=665.859 Y=-1004.141 Z=136.000), Max=(X=814.141 Y=-855.859 Z=269.487) RuntimeBounds:IsValid=true, Min=(X=665.859 Y=-1004.141 Z=136.000), Max=(X=814.141 Y=-855.859 Z=269.487) RuntimeGrid:None EditorOnly:false RuntimeOnly:false HLODRelevant:false ListedInSceneOutliner:true IsMainWorldOnly:false
 |   |   |- Guid:D81DAFD7971C3C9B87125E67B43BEE5F NativeClass:/Script/Engine.StaticMeshActor Name:StaticMeshActor_UAID_A4AE111137DC5EFB00_2001720423 Label:SM_SkySphere SpatiallyLoaded:false EditorBounds:IsValid=true, Min=(X=-1638400.000 Y=-1638400.000 Z=-1638400.000), Max=(X=1638400.000 Y=1638400.000 Z=1638400.000) RuntimeBounds:IsValid=true, Min=(X=-1638400.000 Y=-1638400.000 Z=-1638400.000), Max=(X=1638400.000 Y=1638400.000 Z=1638400.000) RuntimeGrid:None EditorOnly:false RuntimeOnly:false HLODRelevant:false ListedInSceneOutliner:true IsMainWorldOnly:false FolderPath:Lighting FolderGuid:0BA5F0A04EADB18E70D5B180D08FA34B
 |   |   |- Guid:F4476A3D65CE37AC9A45BEBE868ED71F NativeClass:/Script/Engine.DirectionalLight Name:DirectionalLight_1 Label:DirectionalLight SpatiallyLoaded:false EditorBounds:IsValid=false, Min=(X=0.000 Y=0.000 Z=0.000), Max=(X=0.000 Y=0.000 Z=0.000) RuntimeBounds:IsValid=false, Min=(X=0.000 Y=0.000 Z=0.000), Max=(X=0.000 Y=0.000 Z=0.000) RuntimeGrid:None EditorOnly:false RuntimeOnly:false HLODRelevant:false ListedInSceneOutliner:true IsMainWorldOnly:false FolderPath:Lighting FolderGuid:0BA5F0A04EADB18E70D5B180D08FA34B
 |   |- [+] Clusters:
 |   |   |- [+] [  0]
 |   |   |   |- Guid:03C369DC0030388783F2621904552CF1 NativeClass:/Script/Engine.PlayerStart Name:PlayerStart_0 Label:PlayerStart SpatiallyLoaded:false EditorBounds:IsValid=true, Min=(X=1262.154 Y=-718.000 Z=244.013), Max=(X=1638.000 Y=-400.718 Z=500.013) RuntimeBounds:IsValid=true, Min=(X=1455.359 Y=-644.641 Z=280.013), Max=(X=1564.641 Y=-535.359 Z=464.013) RuntimeGrid:None EditorOnly:false RuntimeOnly:false HLODRelevant:false ListedInSceneOutliner:true IsMainWorldOnly:false
 |   |   |- [+] [  1]
 |   |   |   |- Guid:25C0B0EFF17B318AA47D969712F33B69 NativeClass:/Script/Engine.PostProcessVolume Name:PostProcessVolume_0 Label:PostProcessVolume SpatiallyLoaded:false EditorBounds:IsValid=true, Min=(X=0.000 Y=0.000 Z=400.000), Max=(X=200.000 Y=200.000 Z=600.000) RuntimeBounds:IsValid=true, Min=(X=0.000 Y=0.000 Z=400.000), Max=(X=200.000 Y=200.000 Z=600.000) RuntimeGrid:None EditorOnly:false RuntimeOnly:false HLODRelevant:false ListedInSceneOutliner:true IsMainWorldOnly:false FolderPath:Lighting FolderGuid:0BA5F0A04EADB18E70D5B180D08FA34B
 |   |   |- [+] [  2]
 |   |   |   |- Guid:3F221466E2003D8B920902DDC71ECE9E NativeClass:/Script/Engine.StaticMeshActor Name:StaticMeshActor_UAID_244BFE06136E83AA02_1159113078 Label:Cube3 SpatiallyLoaded:true EditorBounds:IsValid=true, Min=(X=290.000 Y=-2320.000 Z=-230.000), Max=(X=1790.000 Y=-20.000 Z=-30.000) RuntimeBounds:IsValid=true, Min=(X=290.000 Y=-2320.000 Z=-230.000), Max=(X=1790.000 Y=-20.000 Z=-30.000) RuntimeGrid:None EditorOnly:false RuntimeOnly:false HLODRelevant:true ListedInSceneOutliner:true IsMainWorldOnly:false
 |   |   |- [+] [  3]
 |   |   |   |- Guid:4A6A352E62963FF78DC278A8D35BEAF2 NativeClass:/Script/Engine.StaticMeshActor Name:StaticMeshActor_UAID_244BFE06136E82AA02_1476976895 Label:Cube SpatiallyLoaded:true EditorBounds:IsValid=true, Min=(X=-375.230 Y=-2495.810 Z=-305.000), Max=(X=1515.230 Y=-864.190 Z=745.000) RuntimeBounds:IsValid=true, Min=(X=-375.230 Y=-2495.810 Z=-305.000), Max=(X=1515.230 Y=-864.190 Z=745.000) RuntimeGrid:None EditorOnly:false RuntimeOnly:false HLODRelevant:true ListedInSceneOutliner:true IsMainWorldOnly:false
 |   |   |- [+] [  4]
 |   |   |   |- Guid:4C57420D66ED39A2BD827EB161A43D07 NativeClass:/Script/Engine.SkyAtmosphere Name:SkyAtmosphere_0 Label:SkyAtmosphere SpatiallyLoaded:false EditorBounds:IsValid=true, Min=(X=-128.000 Y=-128.000 Z=892.000), Max=(X=240.000 Y=128.000 Z=1148.000) RuntimeBounds:IsValid=true, Min=(X=0.000 Y=0.000 Z=1020.000), Max=(X=0.000 Y=0.000 Z=1020.000) RuntimeGrid:None EditorOnly:false RuntimeOnly:false HLODRelevant:false ListedInSceneOutliner:true IsMainWorldOnly:false FolderPath:Lighting FolderGuid:0BA5F0A04EADB18E70D5B180D08FA34B
 |   |   |- [+] [  5]
 |   |   |   |- Guid:59F31E5980B330D19077056792416676 NativeClass:/Script/Engine.WorldDataLayers Name:WorldDataLayers Label:WorldDataLayers SpatiallyLoaded:false EditorBounds:IsValid=false, Min=(X=0.000 Y=0.000 Z=0.000), Max=(X=0.000 Y=0.000 Z=0.000) RuntimeBounds:IsValid=false, Min=(X=0.000 Y=0.000 Z=0.000), Max=(X=0.000 Y=0.000 Z=0.000) RuntimeGrid:None EditorOnly:false RuntimeOnly:false HLODRelevant:false ListedInSceneOutliner:true IsMainWorldOnly:true
 |   |   |- [+] [  6]
 |   |   |   |- Guid:5CEE9FD331C93090A8523A8C213D284B BaseClass:/Game/Erin/NonInteractables/Item_Desk.Item_Desk_C NativeClass:/Script/Engine.Actor Name:Item_Desk_C_UAID_244BFE06136E82AA02_1657686896 Label:Item_Desk SpatiallyLoaded:true EditorBounds:IsValid=true, Min=(X=616.699 Y=-1018.205 Z=-30.000), Max=(X=937.942 Y=-601.795 Z=337.500) RuntimeBounds:IsValid=true, Min=(X=616.699 Y=-1018.205 Z=-30.000), Max=(X=937.942 Y=-601.795 Z=337.500) RuntimeGrid:None EditorOnly:false RuntimeOnly:false HLODRelevant:false ListedInSceneOutliner:true IsMainWorldOnly:false
 |   |   |- [+] [  7]
 |   |   |   |- Guid:6FA8FB8A2FF2372998997438CD880E58 NativeClass:/Script/Engine.VolumetricCloud Name:VolumetricCloud_0 Label:VolumetricCloud SpatiallyLoaded:false EditorBounds:IsValid=true, Min=(X=-128.000 Y=-128.000 Z=692.000), Max=(X=128.000 Y=128.000 Z=948.000) RuntimeBounds:IsValid=true, Min=(X=0.000 Y=0.000 Z=820.000), Max=(X=0.000 Y=0.000 Z=820.000) RuntimeGrid:None EditorOnly:false RuntimeOnly:false HLODRelevant:false ListedInSceneOutliner:true IsMainWorldOnly:false FolderPath:Lighting FolderGuid:0BA5F0A04EADB18E70D5B180D08FA34B
 |   |   |- [+] [  8]
 |   |   |   |- Guid:742F58B92C0F3ED4BFB31CD2B7934BA8 NativeClass:/Script/Engine.SkyLight Name:SkyLight_0 Label:SkyLight SpatiallyLoaded:false EditorBounds:IsValid=true, Min=(X=-1.000 Y=-1.000 Z=-1.000), Max=(X=1.000 Y=1.000 Z=690.000) RuntimeBounds:IsValid=true, Min=(X=0.000 Y=0.000 Z=690.000), Max=(X=0.000 Y=0.000 Z=690.000) RuntimeGrid:None EditorOnly:false RuntimeOnly:false HLODRelevant:false ListedInSceneOutliner:true IsMainWorldOnly:false FolderPath:Lighting FolderGuid:0BA5F0A04EADB18E70D5B180D08FA34B
 |   |   |- [+] [  9]
 |   |   |   |- Guid:7BF2E44CE3F13E7B8F278FEF78CF85EB NativeClass:/Script/Engine.StaticMeshActor Name:StaticMeshActor_UAID_244BFE06136E82AA02_1976232901 Label:Cube2 SpatiallyLoaded:true EditorBounds:IsValid=true, Min=(X=-577.853 Y=-2622.780 Z=-842.500), Max=(X=1757.853 Y=1222.780 Z=1282.500) RuntimeBounds:IsValid=true, Min=(X=-577.853 Y=-2622.780 Z=-842.500), Max=(X=1757.853 Y=1222.780 Z=1282.500) RuntimeGrid:None EditorOnly:false RuntimeOnly:false HLODRelevant:true ListedInSceneOutliner:true IsMainWorldOnly:false
 |   |   |- [+] [ 10]
 |   |   |   |- Guid:9C016DAF38DF3B6497BE21EBC110920E NativeClass:/Script/Engine.ExponentialHeightFog Name:ExponentialHeightFog_0 Label:ExponentialHeightFog SpatiallyLoaded:false EditorBounds:IsValid=true, Min=(X=-5728.000 Y=-178.000 Z=-6978.000), Max=(X=-5472.000 Y=78.000 Z=-6722.000) RuntimeBounds:IsValid=true, Min=(X=-5600.000 Y=-50.000 Z=-6850.000), Max=(X=-5600.000 Y=-50.000 Z=-6850.000) RuntimeGrid:None EditorOnly:false RuntimeOnly:false HLODRelevant:false ListedInSceneOutliner:true IsMainWorldOnly:false FolderPath:Lighting FolderGuid:0BA5F0A04EADB18E70D5B180D08FA34B
 |   |   |- [+] [ 11]
 |   |   |   |- Guid:ACCB407E6FBA38AFB4C4B6D9DB7ED494 NativeClass:/Script/Engine.SpotLight Name:SpotLight_UAID_244BFE06136E82AA02_1823312899 Label:SpotLight SpatiallyLoaded:true EditorBounds:IsValid=true, Min=(X=-156.312 Y=-1795.225 Z=-997.313), Max=(X=1682.166 Y=43.253 Z=841.165) RuntimeBounds:IsValid=true, Min=(X=-156.312 Y=-1795.225 Z=-997.313), Max=(X=1682.166 Y=43.253 Z=841.165) RuntimeGrid:None EditorOnly:false RuntimeOnly:false HLODRelevant:false ListedInSceneOutliner:true IsMainWorldOnly:false
 |   |   |- [+] [ 12]
 |   |   |   |- Guid:C68915E0D46E3A7BA32430E05F7E5787 BaseClass:/Game/Erin/RadioInteractive/TitleRadio.TitleRadio_C NativeClass:/Script/Engine.Actor Name:TitleRadio_C_UAID_244BFE06136E87AA02_2034158775 Label:TitleRadio SpatiallyLoaded:true EditorBounds:IsValid=true, Min=(X=665.859 Y=-1004.141 Z=136.000), Max=(X=814.141 Y=-855.859 Z=269.487) RuntimeBounds:IsValid=true, Min=(X=665.859 Y=-1004.141 Z=136.000), Max=(X=814.141 Y=-855.859 Z=269.487) RuntimeGrid:None EditorOnly:false RuntimeOnly:false HLODRelevant:false ListedInSceneOutliner:true IsMainWorldOnly:false
 |   |   |- [+] [ 13]
 |   |   |   |- Guid:D81DAFD7971C3C9B87125E67B43BEE5F NativeClass:/Script/Engine.StaticMeshActor Name:StaticMeshActor_UAID_A4AE111137DC5EFB00_2001720423 Label:SM_SkySphere SpatiallyLoaded:false EditorBounds:IsValid=true, Min=(X=-1638400.000 Y=-1638400.000 Z=-1638400.000), Max=(X=1638400.000 Y=1638400.000 Z=1638400.000) RuntimeBounds:IsValid=true, Min=(X=-1638400.000 Y=-1638400.000 Z=-1638400.000), Max=(X=1638400.000 Y=1638400.000 Z=1638400.000) RuntimeGrid:None EditorOnly:false RuntimeOnly:false HLODRelevant:false ListedInSceneOutliner:true IsMainWorldOnly:false FolderPath:Lighting FolderGuid:0BA5F0A04EADB18E70D5B180D08FA34B
 |   |   |- [+] [ 14]
 |   |   |   |- Guid:F4476A3D65CE37AC9A45BEBE868ED71F NativeClass:/Script/Engine.DirectionalLight Name:DirectionalLight_1 Label:DirectionalLight SpatiallyLoaded:false EditorBounds:IsValid=false, Min=(X=0.000 Y=0.000 Z=0.000), Max=(X=0.000 Y=0.000 Z=0.000) RuntimeBounds:IsValid=false, Min=(X=0.000 Y=0.000 Z=0.000), Max=(X=0.000 Y=0.000 Z=0.000) RuntimeGrid:None EditorOnly:false RuntimeOnly:false HLODRelevant:false ListedInSceneOutliner:true IsMainWorldOnly:false FolderPath:Lighting FolderGuid:0BA5F0A04EADB18E70D5B180D08FA34B
 |- ContainerInstances:
 |- [+] MainContainer:
 |   |-        ID: 00000000000000000000000000000000
 |   |-  ParentID: 00000000000000000000000000000000
 |   |-    Bounds: IsValid=false, Min=(X=0.000 Y=0.000 Z=0.000), Max=(X=0.000 Y=0.000 Z=0.000)
 |   |- Transform: 0.000000,0.000000,0.000000|0.000000,0.000000,-0.000000|1.000000,1.000000,1.000000
 |   |- Container: /Game/Erin/CreditsSetUp/CreditsScreen
----------------------------------------------------------------------------------------------------------------
CreditsScreen - Persistent Level
----------------------------------------------------------------------------------------------------------------
[+] Content of CreditsScreen Persistent Level
 |- Always loaded Actor Count: 15 
 |- Actor Path: /Game/Erin/CreditsSetUp/CreditsScreen.CreditsScreen:PersistentLevel.DirectionalLight_1
 |- Actor Package: /Game/__ExternalActors__/Erin/CreditsSetUp/CreditsScreen/C/GW/HI52CL9HT3J39RF0QA4WTS
 |- Actor Path: /Game/Erin/CreditsSetUp/CreditsScreen.CreditsScreen:PersistentLevel.ExponentialHeightFog_0
 |- Actor Package: /Game/__ExternalActors__/Erin/CreditsSetUp/CreditsScreen/A/86/BW3QNY7HVWDYUXQCFP6X3Z
 |- Actor Path: /Game/Erin/CreditsSetUp/CreditsScreen.CreditsScreen:PersistentLevel.Item_Desk_C_UAID_244BFE06136E82AA02_1657686896
 |- Actor Package: /Game/__ExternalActors__/Erin/CreditsSetUp/CreditsScreen/D/B3/7RGJCAR45DDAU7F7766TMZ
 |- Actor Path: /Game/Erin/CreditsSetUp/CreditsScreen.CreditsScreen:PersistentLevel.PlayerStart_0
 |- Actor Package: /Game/__ExternalActors__/Erin/CreditsSetUp/CreditsScreen/9/L3/W83DKWZG66YXKJ2Q3GTLD0
 |- Actor Path: /Game/Erin/CreditsSetUp/CreditsScreen.CreditsScreen:PersistentLevel.PostProcessVolume_0
 |- Actor Package: /Game/__ExternalActors__/Erin/CreditsSetUp/CreditsScreen/1/7M/8OK3W8GC039OG2NBHJT63D
 |- Actor Path: /Game/Erin/CreditsSetUp/CreditsScreen.CreditsScreen:PersistentLevel.SkyAtmosphere_0
 |- Actor Package: /Game/__ExternalActors__/Erin/CreditsSetUp/CreditsScreen/D/X1/EMNUO31LH5UNX2EIP0QE9I
 |- Actor Path: /Game/Erin/CreditsSetUp/CreditsScreen.CreditsScreen:PersistentLevel.SkyLight_0
 |- Actor Package: /Game/__ExternalActors__/Erin/CreditsSetUp/CreditsScreen/E/AX/IRZRHCAXBG59MZJB4DKFAT
 |- Actor Path: /Game/Erin/CreditsSetUp/CreditsScreen.CreditsScreen:PersistentLevel.SpotLight_UAID_244BFE06136E82AA02_1823312899
 |- Actor Package: /Game/__ExternalActors__/Erin/CreditsSetUp/CreditsScreen/6/94/OS850ZDQV2LI3NG6RDN8QB
 |- Actor Path: /Game/Erin/CreditsSetUp/CreditsScreen.CreditsScreen:PersistentLevel.StaticMeshActor_UAID_244BFE06136E82AA02_1476976895
 |- Actor Package: /Game/__ExternalActors__/Erin/CreditsSetUp/CreditsScreen/E/VT/2FKII0MIU3Z1P7T1GLKMKC
 |- Actor Path: /Game/Erin/CreditsSetUp/CreditsScreen.CreditsScreen:PersistentLevel.StaticMeshActor_UAID_244BFE06136E82AA02_1976232901
 |- Actor Package: /Game/__ExternalActors__/Erin/CreditsSetUp/CreditsScreen/1/Q0/GBJX9AUN8J3QX7NAFIR4YY
 |- Actor Path: /Game/Erin/CreditsSetUp/CreditsScreen.CreditsScreen:PersistentLevel.StaticMeshActor_UAID_244BFE06136E83AA02_1159113078
 |- Actor Package: /Game/__ExternalActors__/Erin/CreditsSetUp/CreditsScreen/C/HV/0LF4WNBAS8BR4LWKD1CLS2
 |- Actor Path: /Game/Erin/CreditsSetUp/CreditsScreen.CreditsScreen:PersistentLevel.StaticMeshActor_UAID_A4AE111137DC5EFB00_2001720423
 |- Actor Package: /Game/__ExternalActors__/Erin/CreditsSetUp/CreditsScreen/7/RS/HFQOXFF1FH3UQ00DA9S87X
 |- Actor Path: /Game/Erin/CreditsSetUp/CreditsScreen.CreditsScreen:PersistentLevel.TitleRadio_C_UAID_244BFE06136E87AA02_2034158775
 |- Actor Package: /Game/__ExternalActors__/Erin/CreditsSetUp/CreditsScreen/A/HA/C15WJ6GCR08WMZ290NEPTE
 |- Actor Path: /Game/Erin/CreditsSetUp/CreditsScreen.CreditsScreen:PersistentLevel.VolumetricCloud_0
 |- Actor Package: /Game/__ExternalActors__/Erin/CreditsSetUp/CreditsScreen/4/9W/ZKR4R2DMMN1VQ4JX7JCDRN
 |- Actor Path: /Game/Erin/CreditsSetUp/CreditsScreen.CreditsScreen:PersistentLevel.WorldDataLayers
 |- Actor Package: /Game/__ExternalActors__/Erin/CreditsSetUp/CreditsScreen/E/WP/SSHVWAD3HS65T8ZS46C7NQ

----------------------------------------------------------------------------------------------------------------
CreditsScreen - Runtime Hash Set
----------------------------------------------------------------------------------------------------------------

