[+] Containers:
 |- [+] Container: /Game/Erin/ItchScreens/ItchCover
 |   |- [+] ActorDescs:
 |   |   |- Guid:1C6049079FDD3564911DDAFC445BC103 NativeClass:/Script/Engine.VolumetricCloud Name:VolumetricCloud_0 Label:VolumetricCloud SpatiallyLoaded:false EditorBounds:IsValid=true, Min=(X=-128.000 Y=-128.000 Z=692.000), Max=(X=128.000 Y=128.000 Z=948.000) RuntimeBounds:IsValid=true, Min=(X=0.000 Y=0.000 Z=820.000), Max=(X=0.000 Y=0.000 Z=820.000) RuntimeGrid:None EditorOnly:false RuntimeOnly:false HLODRelevant:false ListedInSceneOutliner:true IsMainWorldOnly:false FolderPath:Lighting FolderGuid:0BA5F0A04EADB18E70D5B180D08FA34B
 |   |   |- Guid:3242415108F732D3BB38C1E30FA8AFED BaseClass:/Game/Erin/NonInteractables/Item_Desk.Item_Desk_C NativeClass:/Script/Engine.Actor Name:Item_Desk_C_UAID_244BFE06136E82AA02_1657686896 Label:Item_Desk SpatiallyLoaded:true EditorBounds:IsValid=true, Min=(X=576.699 Y=-1008.205 Z=-30.000), Max=(X=897.942 Y=-591.795 Z=337.500) RuntimeBounds:IsValid=true, Min=(X=576.699 Y=-1008.205 Z=-30.000), Max=(X=897.942 Y=-591.795 Z=337.500) RuntimeGrid:None EditorOnly:false RuntimeOnly:false HLODRelevant:false ListedInSceneOutliner:true IsMainWorldOnly:false
 |   |   |- Guid:52DD18DFBE0739338195BDD237607477 NativeClass:/Script/Engine.PlayerStart Name:PlayerStart_0 Label:PlayerStart SpatiallyLoaded:false EditorBounds:IsValid=true, Min=(X=612.154 Y=-1158.000 Z=34.013), Max=(X=988.000 Y=-840.718 Z=290.013) RuntimeBounds:IsValid=true, Min=(X=805.359 Y=-1084.641 Z=70.013), Max=(X=914.641 Y=-975.359 Z=254.013) RuntimeGrid:None EditorOnly:false RuntimeOnly:false HLODRelevant:false ListedInSceneOutliner:true IsMainWorldOnly:false
 |   |   |- Guid:65E1B30E11F93AB280FBBC83F01F7E82 NativeClass:/Script/Engine.WorldDataLayers Name:WorldDataLayers Label:WorldDataLayers SpatiallyLoaded:false EditorBounds:IsValid=false, Min=(X=0.000 Y=0.000 Z=0.000), Max=(X=0.000 Y=0.000 Z=0.000) RuntimeBounds:IsValid=false, Min=(X=0.000 Y=0.000 Z=0.000), Max=(X=0.000 Y=0.000 Z=0.000) RuntimeGrid:None EditorOnly:false RuntimeOnly:false HLODRelevant:false ListedInSceneOutliner:true IsMainWorldOnly:true
 |   |   |- Guid:6C6A5CE31EE83AA5B00109E7B8713B7E NativeClass:/Script/Engine.StaticMeshActor Name:StaticMeshActor_UAID_244BFE06136E83AA02_1159113078 Label:Cube3 SpatiallyLoaded:true EditorBounds:IsValid=true, Min=(X=290.000 Y=-2320.000 Z=-230.000), Max=(X=1790.000 Y=-20.000 Z=-30.000) RuntimeBounds:IsValid=true, Min=(X=290.000 Y=-2320.000 Z=-230.000), Max=(X=1790.000 Y=-20.000 Z=-30.000) RuntimeGrid:None EditorOnly:false RuntimeOnly:false HLODRelevant:true ListedInSceneOutliner:true IsMainWorldOnly:false
 |   |   |- Guid:831E60E361EC30F29D63DA842956E169 BaseClass:/Game/Erin/RadioInteractive/FakeRadios/TitleRadio.TitleRadio_C NativeClass:/Script/Engine.Actor Name:TitleRadio_C_UAID_244BFE06136E87AA02_2034158775 Label:TitleRadio SpatiallyLoaded:true EditorBounds:IsValid=true, Min=(X=595.859 Y=-994.141 Z=136.000), Max=(X=744.141 Y=-845.859 Z=269.497) RuntimeBounds:IsValid=true, Min=(X=595.859 Y=-994.141 Z=136.000), Max=(X=744.141 Y=-845.859 Z=269.497) RuntimeGrid:None EditorOnly:false RuntimeOnly:false HLODRelevant:false ListedInSceneOutliner:true IsMainWorldOnly:false
 |   |   |- Guid:8852233F85A53D80A2CDE1A4051C584A NativeClass:/Script/Engine.SkyLight Name:SkyLight_0 Label:SkyLight SpatiallyLoaded:false EditorBounds:IsValid=true, Min=(X=-1.000 Y=-1.000 Z=-1.000), Max=(X=1.000 Y=1.000 Z=690.000) RuntimeBounds:IsValid=true, Min=(X=0.000 Y=0.000 Z=690.000), Max=(X=0.000 Y=0.000 Z=690.000) RuntimeGrid:None EditorOnly:false RuntimeOnly:false HLODRelevant:false ListedInSceneOutliner:true IsMainWorldOnly:false FolderPath:Lighting FolderGuid:0BA5F0A04EADB18E70D5B180D08FA34B
 |   |   |- Guid:96F9141424B530D5A7FB28057A12EC41 NativeClass:/Script/Engine.DirectionalLight Name:DirectionalLight_1 Label:DirectionalLight SpatiallyLoaded:false EditorBounds:IsValid=false, Min=(X=0.000 Y=0.000 Z=0.000), Max=(X=0.000 Y=0.000 Z=0.000) RuntimeBounds:IsValid=false, Min=(X=0.000 Y=0.000 Z=0.000), Max=(X=0.000 Y=0.000 Z=0.000) RuntimeGrid:None EditorOnly:false RuntimeOnly:false HLODRelevant:false ListedInSceneOutliner:true IsMainWorldOnly:false FolderPath:Lighting FolderGuid:0BA5F0A04EADB18E70D5B180D08FA34B
 |   |   |- Guid:97F0E387EAD836A295B9A53642D094C6 NativeClass:/Script/Engine.StaticMeshActor Name:StaticMeshActor_UAID_244BFE06136E82AA02_1476976895 Label:Cube SpatiallyLoaded:true EditorBounds:IsValid=true, Min=(X=-375.230 Y=-2495.810 Z=-305.000), Max=(X=1515.230 Y=-864.190 Z=745.000) RuntimeBounds:IsValid=true, Min=(X=-375.230 Y=-2495.810 Z=-305.000), Max=(X=1515.230 Y=-864.190 Z=745.000) RuntimeGrid:None EditorOnly:false RuntimeOnly:false HLODRelevant:true ListedInSceneOutliner:true IsMainWorldOnly:false
 |   |   |- Guid:A6712589BD1D37968C30CE3470A0029F NativeClass:/Script/Engine.StaticMeshActor Name:StaticMeshActor_UAID_A4AE111137DC5EFB00_2001720423 Label:SM_SkySphere SpatiallyLoaded:false EditorBounds:IsValid=true, Min=(X=-1638400.000 Y=-1638400.000 Z=-1638400.000), Max=(X=1638400.000 Y=1638400.000 Z=1638400.000) RuntimeBounds:IsValid=true, Min=(X=-1638400.000 Y=-1638400.000 Z=-1638400.000), Max=(X=1638400.000 Y=1638400.000 Z=1638400.000) RuntimeGrid:None EditorOnly:false RuntimeOnly:false HLODRelevant:false ListedInSceneOutliner:true IsMainWorldOnly:false FolderPath:Lighting FolderGuid:0BA5F0A04EADB18E70D5B180D08FA34B
 |   |   |- Guid:AD3D764CDD183272A4513D8A71A94EA4 NativeClass:/Script/Engine.SkyAtmosphere Name:SkyAtmosphere_0 Label:SkyAtmosphere SpatiallyLoaded:false EditorBounds:IsValid=true, Min=(X=-128.000 Y=-128.000 Z=892.000), Max=(X=240.000 Y=128.000 Z=1148.000) RuntimeBounds:IsValid=true, Min=(X=0.000 Y=0.000 Z=1020.000), Max=(X=0.000 Y=0.000 Z=1020.000) RuntimeGrid:None EditorOnly:false RuntimeOnly:false HLODRelevant:false ListedInSceneOutliner:true IsMainWorldOnly:false FolderPath:Lighting FolderGuid:0BA5F0A04EADB18E70D5B180D08FA34B
 |   |   |- Guid:B74EF2850FA93E828FE32C7251FF26E6 NativeClass:/Script/Engine.SpotLight Name:SpotLight_UAID_244BFE06136E82AA02_1823312899 Label:SpotLight SpatiallyLoaded:true EditorBounds:IsValid=true, Min=(X=-248.858 Y=-1696.962 Z=-997.313), Max=(X=1589.620 Y=141.516 Z=841.165) RuntimeBounds:IsValid=true, Min=(X=-248.858 Y=-1696.962 Z=-997.313), Max=(X=1589.620 Y=141.516 Z=841.165) RuntimeGrid:None EditorOnly:false RuntimeOnly:false HLODRelevant:false ListedInSceneOutliner:true IsMainWorldOnly:false
 |   |   |- Guid:BF34E84C4C7D3E07A0702DE0309C9A8D NativeClass:/Script/Engine.ExponentialHeightFog Name:ExponentialHeightFog_0 Label:ExponentialHeightFog SpatiallyLoaded:false EditorBounds:IsValid=true, Min=(X=-5728.000 Y=-178.000 Z=-6978.000), Max=(X=-5472.000 Y=78.000 Z=-6722.000) RuntimeBounds:IsValid=true, Min=(X=-5600.000 Y=-50.000 Z=-6850.000), Max=(X=-5600.000 Y=-50.000 Z=-6850.000) RuntimeGrid:None EditorOnly:false RuntimeOnly:false HLODRelevant:false ListedInSceneOutliner:true IsMainWorldOnly:false FolderPath:Lighting FolderGuid:0BA5F0A04EADB18E70D5B180D08FA34B
 |   |   |- Guid:DE4BCAD646E83301A3448EA091D510DD NativeClass:/Script/Engine.StaticMeshActor Name:StaticMeshActor_UAID_244BFE06136E82AA02_1976232901 Label:Cube2 SpatiallyLoaded:true EditorBounds:IsValid=true, Min=(X=-71.603 Y=-1745.929 Z=-305.000), Max=(X=1251.603 Y=345.929 Z=745.000) RuntimeBounds:IsValid=true, Min=(X=-71.603 Y=-1745.929 Z=-305.000), Max=(X=1251.603 Y=345.929 Z=745.000) RuntimeGrid:None EditorOnly:false RuntimeOnly:false HLODRelevant:true ListedInSceneOutliner:true IsMainWorldOnly:false
 |   |   |- Guid:DF5BF88AF6A23DA89031C7B480065579 NativeClass:/Script/Engine.PostProcessVolume Name:PostProcessVolume_0 Label:PostProcessVolume SpatiallyLoaded:false EditorBounds:IsValid=true, Min=(X=0.000 Y=0.000 Z=400.000), Max=(X=200.000 Y=200.000 Z=600.000) RuntimeBounds:IsValid=true, Min=(X=0.000 Y=0.000 Z=400.000), Max=(X=200.000 Y=200.000 Z=600.000) RuntimeGrid:None EditorOnly:false RuntimeOnly:false HLODRelevant:false ListedInSceneOutliner:true IsMainWorldOnly:false FolderPath:Lighting FolderGuid:0BA5F0A04EADB18E70D5B180D08FA34B
 |   |- [+] Clusters:
 |   |   |- [+] [  0]
 |   |   |   |- Guid:1C6049079FDD3564911DDAFC445BC103 NativeClass:/Script/Engine.VolumetricCloud Name:VolumetricCloud_0 Label:VolumetricCloud SpatiallyLoaded:false EditorBounds:IsValid=true, Min=(X=-128.000 Y=-128.000 Z=692.000), Max=(X=128.000 Y=128.000 Z=948.000) RuntimeBounds:IsValid=true, Min=(X=0.000 Y=0.000 Z=820.000), Max=(X=0.000 Y=0.000 Z=820.000) RuntimeGrid:None EditorOnly:false RuntimeOnly:false HLODRelevant:false ListedInSceneOutliner:true IsMainWorldOnly:false FolderPath:Lighting FolderGuid:0BA5F0A04EADB18E70D5B180D08FA34B
 |   |   |- [+] [  1]
 |   |   |   |- Guid:3242415108F732D3BB38C1E30FA8AFED BaseClass:/Game/Erin/NonInteractables/Item_Desk.Item_Desk_C NativeClass:/Script/Engine.Actor Name:Item_Desk_C_UAID_244BFE06136E82AA02_1657686896 Label:Item_Desk SpatiallyLoaded:true EditorBounds:IsValid=true, Min=(X=576.699 Y=-1008.205 Z=-30.000), Max=(X=897.942 Y=-591.795 Z=337.500) RuntimeBounds:IsValid=true, Min=(X=576.699 Y=-1008.205 Z=-30.000), Max=(X=897.942 Y=-591.795 Z=337.500) RuntimeGrid:None EditorOnly:false RuntimeOnly:false HLODRelevant:false ListedInSceneOutliner:true IsMainWorldOnly:false
 |   |   |- [+] [  2]
 |   |   |   |- Guid:52DD18DFBE0739338195BDD237607477 NativeClass:/Script/Engine.PlayerStart Name:PlayerStart_0 Label:PlayerStart SpatiallyLoaded:false EditorBounds:IsValid=true, Min=(X=612.154 Y=-1158.000 Z=34.013), Max=(X=988.000 Y=-840.718 Z=290.013) RuntimeBounds:IsValid=true, Min=(X=805.359 Y=-1084.641 Z=70.013), Max=(X=914.641 Y=-975.359 Z=254.013) RuntimeGrid:None EditorOnly:false RuntimeOnly:false HLODRelevant:false ListedInSceneOutliner:true IsMainWorldOnly:false
 |   |   |- [+] [  3]
 |   |   |   |- Guid:65E1B30E11F93AB280FBBC83F01F7E82 NativeClass:/Script/Engine.WorldDataLayers Name:WorldDataLayers Label:WorldDataLayers SpatiallyLoaded:false EditorBounds:IsValid=false, Min=(X=0.000 Y=0.000 Z=0.000), Max=(X=0.000 Y=0.000 Z=0.000) RuntimeBounds:IsValid=false, Min=(X=0.000 Y=0.000 Z=0.000), Max=(X=0.000 Y=0.000 Z=0.000) RuntimeGrid:None EditorOnly:false RuntimeOnly:false HLODRelevant:false ListedInSceneOutliner:true IsMainWorldOnly:true
 |   |   |- [+] [  4]
 |   |   |   |- Guid:6C6A5CE31EE83AA5B00109E7B8713B7E NativeClass:/Script/Engine.StaticMeshActor Name:StaticMeshActor_UAID_244BFE06136E83AA02_1159113078 Label:Cube3 SpatiallyLoaded:true EditorBounds:IsValid=true, Min=(X=290.000 Y=-2320.000 Z=-230.000), Max=(X=1790.000 Y=-20.000 Z=-30.000) RuntimeBounds:IsValid=true, Min=(X=290.000 Y=-2320.000 Z=-230.000), Max=(X=1790.000 Y=-20.000 Z=-30.000) RuntimeGrid:None EditorOnly:false RuntimeOnly:false HLODRelevant:true ListedInSceneOutliner:true IsMainWorldOnly:false
 |   |   |- [+] [  5]
 |   |   |   |- Guid:831E60E361EC30F29D63DA842956E169 BaseClass:/Game/Erin/RadioInteractive/FakeRadios/TitleRadio.TitleRadio_C NativeClass:/Script/Engine.Actor Name:TitleRadio_C_UAID_244BFE06136E87AA02_2034158775 Label:TitleRadio SpatiallyLoaded:true EditorBounds:IsValid=true, Min=(X=595.859 Y=-994.141 Z=136.000), Max=(X=744.141 Y=-845.859 Z=269.497) RuntimeBounds:IsValid=true, Min=(X=595.859 Y=-994.141 Z=136.000), Max=(X=744.141 Y=-845.859 Z=269.497) RuntimeGrid:None EditorOnly:false RuntimeOnly:false HLODRelevant:false ListedInSceneOutliner:true IsMainWorldOnly:false
 |   |   |- [+] [  6]
 |   |   |   |- Guid:8852233F85A53D80A2CDE1A4051C584A NativeClass:/Script/Engine.SkyLight Name:SkyLight_0 Label:SkyLight SpatiallyLoaded:false EditorBounds:IsValid=true, Min=(X=-1.000 Y=-1.000 Z=-1.000), Max=(X=1.000 Y=1.000 Z=690.000) RuntimeBounds:IsValid=true, Min=(X=0.000 Y=0.000 Z=690.000), Max=(X=0.000 Y=0.000 Z=690.000) RuntimeGrid:None EditorOnly:false RuntimeOnly:false HLODRelevant:false ListedInSceneOutliner:true IsMainWorldOnly:false FolderPath:Lighting FolderGuid:0BA5F0A04EADB18E70D5B180D08FA34B
 |   |   |- [+] [  7]
 |   |   |   |- Guid:96F9141424B530D5A7FB28057A12EC41 NativeClass:/Script/Engine.DirectionalLight Name:DirectionalLight_1 Label:DirectionalLight SpatiallyLoaded:false EditorBounds:IsValid=false, Min=(X=0.000 Y=0.000 Z=0.000), Max=(X=0.000 Y=0.000 Z=0.000) RuntimeBounds:IsValid=false, Min=(X=0.000 Y=0.000 Z=0.000), Max=(X=0.000 Y=0.000 Z=0.000) RuntimeGrid:None EditorOnly:false RuntimeOnly:false HLODRelevant:false ListedInSceneOutliner:true IsMainWorldOnly:false FolderPath:Lighting FolderGuid:0BA5F0A04EADB18E70D5B180D08FA34B
 |   |   |- [+] [  8]
 |   |   |   |- Guid:97F0E387EAD836A295B9A53642D094C6 NativeClass:/Script/Engine.StaticMeshActor Name:StaticMeshActor_UAID_244BFE06136E82AA02_1476976895 Label:Cube SpatiallyLoaded:true EditorBounds:IsValid=true, Min=(X=-375.230 Y=-2495.810 Z=-305.000), Max=(X=1515.230 Y=-864.190 Z=745.000) RuntimeBounds:IsValid=true, Min=(X=-375.230 Y=-2495.810 Z=-305.000), Max=(X=1515.230 Y=-864.190 Z=745.000) RuntimeGrid:None EditorOnly:false RuntimeOnly:false HLODRelevant:true ListedInSceneOutliner:true IsMainWorldOnly:false
 |   |   |- [+] [  9]
 |   |   |   |- Guid:A6712589BD1D37968C30CE3470A0029F NativeClass:/Script/Engine.StaticMeshActor Name:StaticMeshActor_UAID_A4AE111137DC5EFB00_2001720423 Label:SM_SkySphere SpatiallyLoaded:false EditorBounds:IsValid=true, Min=(X=-1638400.000 Y=-1638400.000 Z=-1638400.000), Max=(X=1638400.000 Y=1638400.000 Z=1638400.000) RuntimeBounds:IsValid=true, Min=(X=-1638400.000 Y=-1638400.000 Z=-1638400.000), Max=(X=1638400.000 Y=1638400.000 Z=1638400.000) RuntimeGrid:None EditorOnly:false RuntimeOnly:false HLODRelevant:false ListedInSceneOutliner:true IsMainWorldOnly:false FolderPath:Lighting FolderGuid:0BA5F0A04EADB18E70D5B180D08FA34B
 |   |   |- [+] [ 10]
 |   |   |   |- Guid:AD3D764CDD183272A4513D8A71A94EA4 NativeClass:/Script/Engine.SkyAtmosphere Name:SkyAtmosphere_0 Label:SkyAtmosphere SpatiallyLoaded:false EditorBounds:IsValid=true, Min=(X=-128.000 Y=-128.000 Z=892.000), Max=(X=240.000 Y=128.000 Z=1148.000) RuntimeBounds:IsValid=true, Min=(X=0.000 Y=0.000 Z=1020.000), Max=(X=0.000 Y=0.000 Z=1020.000) RuntimeGrid:None EditorOnly:false RuntimeOnly:false HLODRelevant:false ListedInSceneOutliner:true IsMainWorldOnly:false FolderPath:Lighting FolderGuid:0BA5F0A04EADB18E70D5B180D08FA34B
 |   |   |- [+] [ 11]
 |   |   |   |- Guid:B74EF2850FA93E828FE32C7251FF26E6 NativeClass:/Script/Engine.SpotLight Name:SpotLight_UAID_244BFE06136E82AA02_1823312899 Label:SpotLight SpatiallyLoaded:true EditorBounds:IsValid=true, Min=(X=-248.858 Y=-1696.962 Z=-997.313), Max=(X=1589.620 Y=141.516 Z=841.165) RuntimeBounds:IsValid=true, Min=(X=-248.858 Y=-1696.962 Z=-997.313), Max=(X=1589.620 Y=141.516 Z=841.165) RuntimeGrid:None EditorOnly:false RuntimeOnly:false HLODRelevant:false ListedInSceneOutliner:true IsMainWorldOnly:false
 |   |   |- [+] [ 12]
 |   |   |   |- Guid:BF34E84C4C7D3E07A0702DE0309C9A8D NativeClass:/Script/Engine.ExponentialHeightFog Name:ExponentialHeightFog_0 Label:ExponentialHeightFog SpatiallyLoaded:false EditorBounds:IsValid=true, Min=(X=-5728.000 Y=-178.000 Z=-6978.000), Max=(X=-5472.000 Y=78.000 Z=-6722.000) RuntimeBounds:IsValid=true, Min=(X=-5600.000 Y=-50.000 Z=-6850.000), Max=(X=-5600.000 Y=-50.000 Z=-6850.000) RuntimeGrid:None EditorOnly:false RuntimeOnly:false HLODRelevant:false ListedInSceneOutliner:true IsMainWorldOnly:false FolderPath:Lighting FolderGuid:0BA5F0A04EADB18E70D5B180D08FA34B
 |   |   |- [+] [ 13]
 |   |   |   |- Guid:DE4BCAD646E83301A3448EA091D510DD NativeClass:/Script/Engine.StaticMeshActor Name:StaticMeshActor_UAID_244BFE06136E82AA02_1976232901 Label:Cube2 SpatiallyLoaded:true EditorBounds:IsValid=true, Min=(X=-71.603 Y=-1745.929 Z=-305.000), Max=(X=1251.603 Y=345.929 Z=745.000) RuntimeBounds:IsValid=true, Min=(X=-71.603 Y=-1745.929 Z=-305.000), Max=(X=1251.603 Y=345.929 Z=745.000) RuntimeGrid:None EditorOnly:false RuntimeOnly:false HLODRelevant:true ListedInSceneOutliner:true IsMainWorldOnly:false
 |   |   |- [+] [ 14]
 |   |   |   |- Guid:DF5BF88AF6A23DA89031C7B480065579 NativeClass:/Script/Engine.PostProcessVolume Name:PostProcessVolume_0 Label:PostProcessVolume SpatiallyLoaded:false EditorBounds:IsValid=true, Min=(X=0.000 Y=0.000 Z=400.000), Max=(X=200.000 Y=200.000 Z=600.000) RuntimeBounds:IsValid=true, Min=(X=0.000 Y=0.000 Z=400.000), Max=(X=200.000 Y=200.000 Z=600.000) RuntimeGrid:None EditorOnly:false RuntimeOnly:false HLODRelevant:false ListedInSceneOutliner:true IsMainWorldOnly:false FolderPath:Lighting FolderGuid:0BA5F0A04EADB18E70D5B180D08FA34B
 |- ContainerInstances:
 |- [+] MainContainer:
 |   |-        ID: 00000000000000000000000000000000
 |   |-  ParentID: 00000000000000000000000000000000
 |   |-    Bounds: IsValid=false, Min=(X=0.000 Y=0.000 Z=0.000), Max=(X=0.000 Y=0.000 Z=0.000)
 |   |- Transform: 0.000000,0.000000,0.000000|0.000000,0.000000,-0.000000|1.000000,1.000000,1.000000
 |   |- Container: /Game/Erin/ItchScreens/ItchCover
----------------------------------------------------------------------------------------------------------------
ItchCover - Persistent Level
----------------------------------------------------------------------------------------------------------------
[+] Content of ItchCover Persistent Level
 |- Always loaded Actor Count: 15 
 |- Actor Path: /Game/Erin/ItchScreens/ItchCover.ItchCover:PersistentLevel.DirectionalLight_1
 |- Actor Package: /Game/__ExternalActors__/Erin/ItchScreens/ItchCover/1/79/H3M7CARTQ8ATLRON1AUF71
 |- Actor Path: /Game/Erin/ItchScreens/ItchCover.ItchCover:PersistentLevel.ExponentialHeightFog_0
 |- Actor Package: /Game/__ExternalActors__/Erin/ItchScreens/ItchCover/2/KP/CMN24DHYO03BSS33UVEKL2
 |- Actor Path: /Game/Erin/ItchScreens/ItchCover.ItchCover:PersistentLevel.Item_Desk_C_UAID_244BFE06136E82AA02_1657686896
 |- Actor Package: /Game/__ExternalActors__/Erin/ItchScreens/ItchCover/8/D6/QF81LGS1WM9FX8JAU0KQV2
 |- Actor Path: /Game/Erin/ItchScreens/ItchCover.ItchCover:PersistentLevel.PlayerStart_0
 |- Actor Package: /Game/__ExternalActors__/Erin/ItchScreens/ItchCover/2/ZN/DKRQI8AW9ZAVQNAGD3RCVT
 |- Actor Path: /Game/Erin/ItchScreens/ItchCover.ItchCover:PersistentLevel.PostProcessVolume_0
 |- Actor Package: /Game/__ExternalActors__/Erin/ItchScreens/ItchCover/4/MZ/QVS3IHO1ZAAZ84CU71G656
 |- Actor Path: /Game/Erin/ItchScreens/ItchCover.ItchCover:PersistentLevel.SkyAtmosphere_0
 |- Actor Package: /Game/__ExternalActors__/Erin/ItchScreens/ItchCover/0/94/678FMQI3AE403OG3OAU9OT
 |- Actor Path: /Game/Erin/ItchScreens/ItchCover.ItchCover:PersistentLevel.SkyLight_0
 |- Actor Package: /Game/__ExternalActors__/Erin/ItchScreens/ItchCover/6/QB/9JPZR92FKNXBO3VG6UNLR9
 |- Actor Path: /Game/Erin/ItchScreens/ItchCover.ItchCover:PersistentLevel.SpotLight_UAID_244BFE06136E82AA02_1823312899
 |- Actor Package: /Game/__ExternalActors__/Erin/ItchScreens/ItchCover/3/0O/2F820MPLU5B0A09NFWMCWQ
 |- Actor Path: /Game/Erin/ItchScreens/ItchCover.ItchCover:PersistentLevel.StaticMeshActor_UAID_244BFE06136E82AA02_1476976895
 |- Actor Package: /Game/__ExternalActors__/Erin/ItchScreens/ItchCover/2/VE/CGVP9ZK8OCAEDMVFQU5LAB
 |- Actor Path: /Game/Erin/ItchScreens/ItchCover.ItchCover:PersistentLevel.StaticMeshActor_UAID_244BFE06136E82AA02_1976232901
 |- Actor Package: /Game/__ExternalActors__/Erin/ItchScreens/ItchCover/A/5D/RQZJCEDCZQR99EZYGZRFSF
 |- Actor Path: /Game/Erin/ItchScreens/ItchCover.ItchCover:PersistentLevel.StaticMeshActor_UAID_244BFE06136E83AA02_1159113078
 |- Actor Package: /Game/__ExternalActors__/Erin/ItchScreens/ItchCover/5/8Q/X54XX5VLMF1MGYBAHDFL1V
 |- Actor Path: /Game/Erin/ItchScreens/ItchCover.ItchCover:PersistentLevel.StaticMeshActor_UAID_A4AE111137DC5EFB00_2001720423
 |- Actor Package: /Game/__ExternalActors__/Erin/ItchScreens/ItchCover/8/GZ/UJ43ZWEQ12CFUHQA2QIS9I
 |- Actor Path: /Game/Erin/ItchScreens/ItchCover.ItchCover:PersistentLevel.TitleRadio_C_UAID_244BFE06136E87AA02_2034158775
 |- Actor Package: /Game/__ExternalActors__/Erin/ItchScreens/ItchCover/3/87/CIUKCQEZ9NY7Q2L5P9YN0M
 |- Actor Path: /Game/Erin/ItchScreens/ItchCover.ItchCover:PersistentLevel.VolumetricCloud_0
 |- Actor Package: /Game/__ExternalActors__/Erin/ItchScreens/ItchCover/F/02/YFCA6GTHEEKDNG6NDB0V3U
 |- Actor Path: /Game/Erin/ItchScreens/ItchCover.ItchCover:PersistentLevel.WorldDataLayers
 |- Actor Package: /Game/__ExternalActors__/Erin/ItchScreens/ItchCover/4/GJ/QFBORG2OQZ3KA9KGC8L3MY

----------------------------------------------------------------------------------------------------------------
ItchCover - Runtime Hash Set
----------------------------------------------------------------------------------------------------------------

