[+] Containers:
 |- [+] Container: /Game/Erin/CreditsSetUp/CreditsScreen
 |   |- [+] ActorDescs:
 |   |   |- Guid:015D4D80416029D1F93544A8041C4009 BaseClass:/Game/Erin/RadioInteractive/FakeRadios/CredtsRadio.CredtsRadio_C NativeClass:/Script/Engine.Actor Name:CredtsRadio_C_UAID_244BFE06136E79AC02_1830902425 Label:CredtsRadio SpatiallyLoaded:true EditorBounds:IsValid=true, Min=(X=583.354 Y=-1076.241 Z=192.286), Max=(X=829.442 Y=-830.152 Z=392.532) RuntimeBounds:IsValid=true, Min=(X=583.354 Y=-1076.241 Z=192.286), Max=(X=829.442 Y=-830.152 Z=392.532) RuntimeGrid:None EditorOnly:false RuntimeOnly:false HLODRelevant:false ListedInSceneOutliner:true IsMainWorldOnly:false
 |   |   |- Guid:03C369DC0030388783F2621904552CF1 NativeClass:/Script/Engine.PlayerStart Name:PlayerStart_0 Label:PlayerStart SpatiallyLoaded:false EditorBounds:IsValid=true, Min=(X=1362.154 Y=-838.000 Z=244.013), Max=(X=1738.000 Y=-520.718 Z=500.013) RuntimeBounds:IsValid=true, Min=(X=1555.359 Y=-764.641 Z=280.013), Max=(X=1664.641 Y=-655.359 Z=464.013) RuntimeGrid:None EditorOnly:false RuntimeOnly:false HLODRelevant:false ListedInSceneOutliner:true IsMainWorldOnly:false
 |   |   |- Guid:25C0B0EFF17B318AA47D969712F33B69 NativeClass:/Script/Engine.PostProcessVolume Name:PostProcessVolume_0 Label:PostProcessVolume SpatiallyLoaded:false EditorBounds:IsValid=true, Min=(X=0.000 Y=0.000 Z=400.000), Max=(X=200.000 Y=200.000 Z=600.000) RuntimeBounds:IsValid=true, Min=(X=0.000 Y=0.000 Z=400.000), Max=(X=200.000 Y=200.000 Z=600.000) RuntimeGrid:None EditorOnly:false RuntimeOnly:false HLODRelevant:false ListedInSceneOutliner:true IsMainWorldOnly:false FolderPath:Lighting FolderGuid:0BA5F0A04EADB18E70D5B180D08FA34B
 |   |   |- Guid:3F221466E2003D8B920902DDC71ECE9E NativeClass:/Script/Engine.StaticMeshActor Name:StaticMeshActor_UAID_244BFE06136E83AA02_1159113078 Label:Cube3 SpatiallyLoaded:true EditorBounds:IsValid=true, Min=(X=-613.525 Y=-2273.990 Z=-230.000), Max=(X=2693.525 Y=1453.990 Z=-30.000) RuntimeBounds:IsValid=true, Min=(X=-613.525 Y=-2273.990 Z=-230.000), Max=(X=2693.525 Y=1453.990 Z=-30.000) RuntimeGrid:None EditorOnly:false RuntimeOnly:false HLODRelevant:true ListedInSceneOutliner:true IsMainWorldOnly:false
 |   |   |- Guid:4A6A352E62963FF78DC278A8D35BEAF2 NativeClass:/Script/Engine.StaticMeshActor Name:StaticMeshActor_UAID_244BFE06136E82AA02_1476976895 Label:Cube SpatiallyLoaded:true EditorBounds:IsValid=true, Min=(X=-375.230 Y=-2495.810 Z=-305.000), Max=(X=1515.230 Y=-864.190 Z=745.000) RuntimeBounds:IsValid=true, Min=(X=-375.230 Y=-2495.810 Z=-305.000), Max=(X=1515.230 Y=-864.190 Z=745.000) RuntimeGrid:None EditorOnly:false RuntimeOnly:false HLODRelevant:true ListedInSceneOutliner:true IsMainWorldOnly:false
 |   |   |- Guid:4C57420D66ED39A2BD827EB161A43D07 NativeClass:/Script/Engine.SkyAtmosphere Name:SkyAtmosphere_0 Label:SkyAtmosphere SpatiallyLoaded:false EditorBounds:IsValid=true, Min=(X=-128.000 Y=-128.000 Z=892.000), Max=(X=240.000 Y=128.000 Z=1148.000) RuntimeBounds:IsValid=true, Min=(X=0.000 Y=0.000 Z=1020.000), Max=(X=0.000 Y=0.000 Z=1020.000) RuntimeGrid:None EditorOnly:false RuntimeOnly:false HLODRelevant:false ListedInSceneOutliner:true IsMainWorldOnly:false FolderPath:Lighting FolderGuid:0BA5F0A04EADB18E70D5B180D08FA34B
 |   |   |- Guid:59F31E5980B330D19077056792416676 NativeClass:/Script/Engine.WorldDataLayers Name:WorldDataLayers Label:WorldDataLayers SpatiallyLoaded:false EditorBounds:IsValid=false, Min=(X=0.000 Y=0.000 Z=0.000), Max=(X=0.000 Y=0.000 Z=0.000) RuntimeBounds:IsValid=false, Min=(X=0.000 Y=0.000 Z=0.000), Max=(X=0.000 Y=0.000 Z=0.000) RuntimeGrid:None EditorOnly:false RuntimeOnly:false HLODRelevant:false ListedInSceneOutliner:true IsMainWorldOnly:true
 |   |   |- Guid:5CEE9FD331C93090A8523A8C213D284B BaseClass:/Game/Erin/NonInteractables/Item_Desk.Item_Desk_C NativeClass:/Script/Engine.Actor Name:Item_Desk_C_UAID_244BFE06136E82AA02_1657686896 Label:Item_Desk SpatiallyLoaded:true EditorBounds:IsValid=true, Min=(X=545.048 Y=-1127.308 Z=-55.000), Max=(X=1026.913 Y=-502.692 Z=496.250) RuntimeBounds:IsValid=true, Min=(X=545.048 Y=-1127.308 Z=-55.000), Max=(X=1026.913 Y=-502.692 Z=496.250) RuntimeGrid:None EditorOnly:false RuntimeOnly:false HLODRelevant:false ListedInSceneOutliner:true IsMainWorldOnly:false
 |   |   |- Guid:6FA8FB8A2FF2372998997438CD880E58 NativeClass:/Script/Engine.VolumetricCloud Name:VolumetricCloud_0 Label:VolumetricCloud SpatiallyLoaded:false EditorBounds:IsValid=true, Min=(X=-128.000 Y=-128.000 Z=692.000), Max=(X=128.000 Y=128.000 Z=948.000) RuntimeBounds:IsValid=true, Min=(X=0.000 Y=0.000 Z=820.000), Max=(X=0.000 Y=0.000 Z=820.000) RuntimeGrid:None EditorOnly:false RuntimeOnly:false HLODRelevant:false ListedInSceneOutliner:true IsMainWorldOnly:false FolderPath:Lighting FolderGuid:0BA5F0A04EADB18E70D5B180D08FA34B
 |   |   |- Guid:742F58B92C0F3ED4BFB31CD2B7934BA8 NativeClass:/Script/Engine.SkyLight Name:SkyLight_0 Label:SkyLight SpatiallyLoaded:false EditorBounds:IsValid=true, Min=(X=-1.000 Y=-1.000 Z=-1.000), Max=(X=1.000 Y=1.000 Z=690.000) RuntimeBounds:IsValid=true, Min=(X=0.000 Y=0.000 Z=690.000), Max=(X=0.000 Y=0.000 Z=690.000) RuntimeGrid:None EditorOnly:false RuntimeOnly:false HLODRelevant:false ListedInSceneOutliner:true IsMainWorldOnly:false FolderPath:Lighting FolderGuid:0BA5F0A04EADB18E70D5B180D08FA34B
 |   |   |- Guid:7BF2E44CE3F13E7B8F278FEF78CF85EB NativeClass:/Script/Engine.StaticMeshActor Name:StaticMeshActor_UAID_244BFE06136E82AA02_1976232901 Label:Cube2 SpatiallyLoaded:true EditorBounds:IsValid=true, Min=(X=-577.853 Y=-2622.780 Z=-842.500), Max=(X=1757.853 Y=1222.780 Z=1282.500) RuntimeBounds:IsValid=true, Min=(X=-577.853 Y=-2622.780 Z=-842.500), Max=(X=1757.853 Y=1222.780 Z=1282.500) RuntimeGrid:None EditorOnly:false RuntimeOnly:false HLODRelevant:true ListedInSceneOutliner:true IsMainWorldOnly:false
 |   |   |- Guid:9C016DAF38DF3B6497BE21EBC110920E NativeClass:/Script/Engine.ExponentialHeightFog Name:ExponentialHeightFog_0 Label:ExponentialHeightFog SpatiallyLoaded:false EditorBounds:IsValid=true, Min=(X=-5728.000 Y=-178.000 Z=-6978.000), Max=(X=-5472.000 Y=78.000 Z=-6722.000) RuntimeBounds:IsValid=true, Min=(X=-5600.000 Y=-50.000 Z=-6850.000), Max=(X=-5600.000 Y=-50.000 Z=-6850.000) RuntimeGrid:None EditorOnly:false RuntimeOnly:false HLODRelevant:false ListedInSceneOutliner:true IsMainWorldOnly:false FolderPath:Lighting FolderGuid:0BA5F0A04EADB18E70D5B180D08FA34B
 |   |   |- Guid:B9FB7A82460568E33CF79A8EB31A2CBC NativeClass:/Script/Engine.SpotLight Name:SpotLight_UAID_244BFE06136ED6AA02_1227829679 Label:SpotLight SpatiallyLoaded:true EditorBounds:IsValid=true, Min=(X=-294.556 Y=-3060.737 Z=-1646.596), Max=(X=4082.534 Y=1316.353 Z=2730.494) RuntimeBounds:IsValid=true, Min=(X=-294.556 Y=-3060.737 Z=-1646.596), Max=(X=4082.534 Y=1316.353 Z=2730.494) RuntimeGrid:None EditorOnly:false RuntimeOnly:false HLODRelevant:false ListedInSceneOutliner:true IsMainWorldOnly:false
 |   |   |- Guid:D81DAFD7971C3C9B87125E67B43BEE5F NativeClass:/Script/Engine.StaticMeshActor Name:StaticMeshActor_UAID_A4AE111137DC5EFB00_2001720423 Label:SM_SkySphere SpatiallyLoaded:false EditorBounds:IsValid=true, Min=(X=-1638400.000 Y=-1638400.000 Z=-1638400.000), Max=(X=1638400.000 Y=1638400.000 Z=1638400.000) RuntimeBounds:IsValid=true, Min=(X=-1638400.000 Y=-1638400.000 Z=-1638400.000), Max=(X=1638400.000 Y=1638400.000 Z=1638400.000) RuntimeGrid:None EditorOnly:false RuntimeOnly:false HLODRelevant:false ListedInSceneOutliner:true IsMainWorldOnly:false FolderPath:Lighting FolderGuid:0BA5F0A04EADB18E70D5B180D08FA34B
 |   |   |- Guid:F4476A3D65CE37AC9A45BEBE868ED71F NativeClass:/Script/Engine.DirectionalLight Name:DirectionalLight_1 Label:DirectionalLight SpatiallyLoaded:false EditorBounds:IsValid=false, Min=(X=0.000 Y=0.000 Z=0.000), Max=(X=0.000 Y=0.000 Z=0.000) RuntimeBounds:IsValid=false, Min=(X=0.000 Y=0.000 Z=0.000), Max=(X=0.000 Y=0.000 Z=0.000) RuntimeGrid:None EditorOnly:false RuntimeOnly:false HLODRelevant:false ListedInSceneOutliner:true IsMainWorldOnly:false FolderPath:Lighting FolderGuid:0BA5F0A04EADB18E70D5B180D08FA34B
 |   |- [+] Clusters:
 |   |   |- [+] [  0]
 |   |   |   |- Guid:015D4D80416029D1F93544A8041C4009 BaseClass:/Game/Erin/RadioInteractive/FakeRadios/CredtsRadio.CredtsRadio_C NativeClass:/Script/Engine.Actor Name:CredtsRadio_C_UAID_244BFE06136E79AC02_1830902425 Label:CredtsRadio SpatiallyLoaded:true EditorBounds:IsValid=true, Min=(X=583.354 Y=-1076.241 Z=192.286), Max=(X=829.442 Y=-830.152 Z=392.532) RuntimeBounds:IsValid=true, Min=(X=583.354 Y=-1076.241 Z=192.286), Max=(X=829.442 Y=-830.152 Z=392.532) RuntimeGrid:None EditorOnly:false RuntimeOnly:false HLODRelevant:false ListedInSceneOutliner:true IsMainWorldOnly:false
 |   |   |- [+] [  1]
 |   |   |   |- Guid:03C369DC0030388783F2621904552CF1 NativeClass:/Script/Engine.PlayerStart Name:PlayerStart_0 Label:PlayerStart SpatiallyLoaded:false EditorBounds:IsValid=true, Min=(X=1362.154 Y=-838.000 Z=244.013), Max=(X=1738.000 Y=-520.718 Z=500.013) RuntimeBounds:IsValid=true, Min=(X=1555.359 Y=-764.641 Z=280.013), Max=(X=1664.641 Y=-655.359 Z=464.013) RuntimeGrid:None EditorOnly:false RuntimeOnly:false HLODRelevant:false ListedInSceneOutliner:true IsMainWorldOnly:false
 |   |   |- [+] [  2]
 |   |   |   |- Guid:25C0B0EFF17B318AA47D969712F33B69 NativeClass:/Script/Engine.PostProcessVolume Name:PostProcessVolume_0 Label:PostProcessVolume SpatiallyLoaded:false EditorBounds:IsValid=true, Min=(X=0.000 Y=0.000 Z=400.000), Max=(X=200.000 Y=200.000 Z=600.000) RuntimeBounds:IsValid=true, Min=(X=0.000 Y=0.000 Z=400.000), Max=(X=200.000 Y=200.000 Z=600.000) RuntimeGrid:None EditorOnly:false RuntimeOnly:false HLODRelevant:false ListedInSceneOutliner:true IsMainWorldOnly:false FolderPath:Lighting FolderGuid:0BA5F0A04EADB18E70D5B180D08FA34B
 |   |   |- [+] [  3]
 |   |   |   |- Guid:3F221466E2003D8B920902DDC71ECE9E NativeClass:/Script/Engine.StaticMeshActor Name:StaticMeshActor_UAID_244BFE06136E83AA02_1159113078 Label:Cube3 SpatiallyLoaded:true EditorBounds:IsValid=true, Min=(X=-613.525 Y=-2273.990 Z=-230.000), Max=(X=2693.525 Y=1453.990 Z=-30.000) RuntimeBounds:IsValid=true, Min=(X=-613.525 Y=-2273.990 Z=-230.000), Max=(X=2693.525 Y=1453.990 Z=-30.000) RuntimeGrid:None EditorOnly:false RuntimeOnly:false HLODRelevant:true ListedInSceneOutliner:true IsMainWorldOnly:false
 |   |   |- [+] [  4]
 |   |   |   |- Guid:4A6A352E62963FF78DC278A8D35BEAF2 NativeClass:/Script/Engine.StaticMeshActor Name:StaticMeshActor_UAID_244BFE06136E82AA02_1476976895 Label:Cube SpatiallyLoaded:true EditorBounds:IsValid=true, Min=(X=-375.230 Y=-2495.810 Z=-305.000), Max=(X=1515.230 Y=-864.190 Z=745.000) RuntimeBounds:IsValid=true, Min=(X=-375.230 Y=-2495.810 Z=-305.000), Max=(X=1515.230 Y=-864.190 Z=745.000) RuntimeGrid:None EditorOnly:false RuntimeOnly:false HLODRelevant:true ListedInSceneOutliner:true IsMainWorldOnly:false
 |   |   |- [+] [  5]
 |   |   |   |- Guid:4C57420D66ED39A2BD827EB161A43D07 NativeClass:/Script/Engine.SkyAtmosphere Name:SkyAtmosphere_0 Label:SkyAtmosphere SpatiallyLoaded:false EditorBounds:IsValid=true, Min=(X=-128.000 Y=-128.000 Z=892.000), Max=(X=240.000 Y=128.000 Z=1148.000) RuntimeBounds:IsValid=true, Min=(X=0.000 Y=0.000 Z=1020.000), Max=(X=0.000 Y=0.000 Z=1020.000) RuntimeGrid:None EditorOnly:false RuntimeOnly:false HLODRelevant:false ListedInSceneOutliner:true IsMainWorldOnly:false FolderPath:Lighting FolderGuid:0BA5F0A04EADB18E70D5B180D08FA34B
 |   |   |- [+] [  6]
 |   |   |   |- Guid:59F31E5980B330D19077056792416676 NativeClass:/Script/Engine.WorldDataLayers Name:WorldDataLayers Label:WorldDataLayers SpatiallyLoaded:false EditorBounds:IsValid=false, Min=(X=0.000 Y=0.000 Z=0.000), Max=(X=0.000 Y=0.000 Z=0.000) RuntimeBounds:IsValid=false, Min=(X=0.000 Y=0.000 Z=0.000), Max=(X=0.000 Y=0.000 Z=0.000) RuntimeGrid:None EditorOnly:false RuntimeOnly:false HLODRelevant:false ListedInSceneOutliner:true IsMainWorldOnly:true
 |   |   |- [+] [  7]
 |   |   |   |- Guid:5CEE9FD331C93090A8523A8C213D284B BaseClass:/Game/Erin/NonInteractables/Item_Desk.Item_Desk_C NativeClass:/Script/Engine.Actor Name:Item_Desk_C_UAID_244BFE06136E82AA02_1657686896 Label:Item_Desk SpatiallyLoaded:true EditorBounds:IsValid=true, Min=(X=545.048 Y=-1127.308 Z=-55.000), Max=(X=1026.913 Y=-502.692 Z=496.250) RuntimeBounds:IsValid=true, Min=(X=545.048 Y=-1127.308 Z=-55.000), Max=(X=1026.913 Y=-502.692 Z=496.250) RuntimeGrid:None EditorOnly:false RuntimeOnly:false HLODRelevant:false ListedInSceneOutliner:true IsMainWorldOnly:false
 |   |   |- [+] [  8]
 |   |   |   |- Guid:6FA8FB8A2FF2372998997438CD880E58 NativeClass:/Script/Engine.VolumetricCloud Name:VolumetricCloud_0 Label:VolumetricCloud SpatiallyLoaded:false EditorBounds:IsValid=true, Min=(X=-128.000 Y=-128.000 Z=692.000), Max=(X=128.000 Y=128.000 Z=948.000) RuntimeBounds:IsValid=true, Min=(X=0.000 Y=0.000 Z=820.000), Max=(X=0.000 Y=0.000 Z=820.000) RuntimeGrid:None EditorOnly:false RuntimeOnly:false HLODRelevant:false ListedInSceneOutliner:true IsMainWorldOnly:false FolderPath:Lighting FolderGuid:0BA5F0A04EADB18E70D5B180D08FA34B
 |   |   |- [+] [  9]
 |   |   |   |- Guid:742F58B92C0F3ED4BFB31CD2B7934BA8 NativeClass:/Script/Engine.SkyLight Name:SkyLight_0 Label:SkyLight SpatiallyLoaded:false EditorBounds:IsValid=true, Min=(X=-1.000 Y=-1.000 Z=-1.000), Max=(X=1.000 Y=1.000 Z=690.000) RuntimeBounds:IsValid=true, Min=(X=0.000 Y=0.000 Z=690.000), Max=(X=0.000 Y=0.000 Z=690.000) RuntimeGrid:None EditorOnly:false RuntimeOnly:false HLODRelevant:false ListedInSceneOutliner:true IsMainWorldOnly:false FolderPath:Lighting FolderGuid:0BA5F0A04EADB18E70D5B180D08FA34B
 |   |   |- [+] [ 10]
 |   |   |   |- Guid:7BF2E44CE3F13E7B8F278FEF78CF85EB NativeClass:/Script/Engine.StaticMeshActor Name:StaticMeshActor_UAID_244BFE06136E82AA02_1976232901 Label:Cube2 SpatiallyLoaded:true EditorBounds:IsValid=true, Min=(X=-577.853 Y=-2622.780 Z=-842.500), Max=(X=1757.853 Y=1222.780 Z=1282.500) RuntimeBounds:IsValid=true, Min=(X=-577.853 Y=-2622.780 Z=-842.500), Max=(X=1757.853 Y=1222.780 Z=1282.500) RuntimeGrid:None EditorOnly:false RuntimeOnly:false HLODRelevant:true ListedInSceneOutliner:true IsMainWorldOnly:false
 |   |   |- [+] [ 11]
 |   |   |   |- Guid:9C016DAF38DF3B6497BE21EBC110920E NativeClass:/Script/Engine.ExponentialHeightFog Name:ExponentialHeightFog_0 Label:ExponentialHeightFog SpatiallyLoaded:false EditorBounds:IsValid=true, Min=(X=-5728.000 Y=-178.000 Z=-6978.000), Max=(X=-5472.000 Y=78.000 Z=-6722.000) RuntimeBounds:IsValid=true, Min=(X=-5600.000 Y=-50.000 Z=-6850.000), Max=(X=-5600.000 Y=-50.000 Z=-6850.000) RuntimeGrid:None EditorOnly:false RuntimeOnly:false HLODRelevant:false ListedInSceneOutliner:true IsMainWorldOnly:false FolderPath:Lighting FolderGuid:0BA5F0A04EADB18E70D5B180D08FA34B
 |   |   |- [+] [ 12]
 |   |   |   |- Guid:B9FB7A82460568E33CF79A8EB31A2CBC NativeClass:/Script/Engine.SpotLight Name:SpotLight_UAID_244BFE06136ED6AA02_1227829679 Label:SpotLight SpatiallyLoaded:true EditorBounds:IsValid=true, Min=(X=-294.556 Y=-3060.737 Z=-1646.596), Max=(X=4082.534 Y=1316.353 Z=2730.494) RuntimeBounds:IsValid=true, Min=(X=-294.556 Y=-3060.737 Z=-1646.596), Max=(X=4082.534 Y=1316.353 Z=2730.494) RuntimeGrid:None EditorOnly:false RuntimeOnly:false HLODRelevant:false ListedInSceneOutliner:true IsMainWorldOnly:false
 |   |   |- [+] [ 13]
 |   |   |   |- Guid:D81DAFD7971C3C9B87125E67B43BEE5F NativeClass:/Script/Engine.StaticMeshActor Name:StaticMeshActor_UAID_A4AE111137DC5EFB00_2001720423 Label:SM_SkySphere SpatiallyLoaded:false EditorBounds:IsValid=true, Min=(X=-1638400.000 Y=-1638400.000 Z=-1638400.000), Max=(X=1638400.000 Y=1638400.000 Z=1638400.000) RuntimeBounds:IsValid=true, Min=(X=-1638400.000 Y=-1638400.000 Z=-1638400.000), Max=(X=1638400.000 Y=1638400.000 Z=1638400.000) RuntimeGrid:None EditorOnly:false RuntimeOnly:false HLODRelevant:false ListedInSceneOutliner:true IsMainWorldOnly:false FolderPath:Lighting FolderGuid:0BA5F0A04EADB18E70D5B180D08FA34B
 |   |   |- [+] [ 14]
 |   |   |   |- Guid:F4476A3D65CE37AC9A45BEBE868ED71F NativeClass:/Script/Engine.DirectionalLight Name:DirectionalLight_1 Label:DirectionalLight SpatiallyLoaded:false EditorBounds:IsValid=false, Min=(X=0.000 Y=0.000 Z=0.000), Max=(X=0.000 Y=0.000 Z=0.000) RuntimeBounds:IsValid=false, Min=(X=0.000 Y=0.000 Z=0.000), Max=(X=0.000 Y=0.000 Z=0.000) RuntimeGrid:None EditorOnly:false RuntimeOnly:false HLODRelevant:false ListedInSceneOutliner:true IsMainWorldOnly:false FolderPath:Lighting FolderGuid:0BA5F0A04EADB18E70D5B180D08FA34B
 |- ContainerInstances:
 |- [+] MainContainer:
 |   |-        ID: 00000000000000000000000000000000
 |   |-  ParentID: 00000000000000000000000000000000
 |   |-    Bounds: IsValid=false, Min=(X=0.000 Y=0.000 Z=0.000), Max=(X=0.000 Y=0.000 Z=0.000)
 |   |- Transform: 0.000000,0.000000,0.000000|0.000000,0.000000,-0.000000|1.000000,1.000000,1.000000
 |   |- Container: /Game/Erin/CreditsSetUp/CreditsScreen
----------------------------------------------------------------------------------------------------------------
CreditsScreen - Persistent Level
----------------------------------------------------------------------------------------------------------------
[+] Content of CreditsScreen Persistent Level
 |- Always loaded Actor Count: 15 
 |- Actor Path: /Game/Erin/CreditsSetUp/CreditsScreen.CreditsScreen:PersistentLevel.CredtsRadio_C_UAID_244BFE06136E79AC02_1830902425
 |- Actor Package: /Game/__ExternalActors__/Erin/CreditsSetUp/CreditsScreen/E/T4/063FDAUGMMTIA449WO29PY
 |- Actor Path: /Game/Erin/CreditsSetUp/CreditsScreen.CreditsScreen:PersistentLevel.DirectionalLight_1
 |- Actor Package: /Game/__ExternalActors__/Erin/CreditsSetUp/CreditsScreen/C/GW/HI52CL9HT3J39RF0QA4WTS
 |- Actor Path: /Game/Erin/CreditsSetUp/CreditsScreen.CreditsScreen:PersistentLevel.ExponentialHeightFog_0
 |- Actor Package: /Game/__ExternalActors__/Erin/CreditsSetUp/CreditsScreen/A/86/BW3QNY7HVWDYUXQCFP6X3Z
 |- Actor Path: /Game/Erin/CreditsSetUp/CreditsScreen.CreditsScreen:PersistentLevel.Item_Desk_C_UAID_244BFE06136E82AA02_1657686896
 |- Actor Package: /Game/__ExternalActors__/Erin/CreditsSetUp/CreditsScreen/D/B3/7RGJCAR45DDAU7F7766TMZ
 |- Actor Path: /Game/Erin/CreditsSetUp/CreditsScreen.CreditsScreen:PersistentLevel.PlayerStart_0
 |- Actor Package: /Game/__ExternalActors__/Erin/CreditsSetUp/CreditsScreen/9/L3/W83DKWZG66YXKJ2Q3GTLD0
 |- Actor Path: /Game/Erin/CreditsSetUp/CreditsScreen.CreditsScreen:PersistentLevel.PostProcessVolume_0
 |- Actor Package: /Game/__ExternalActors__/Erin/CreditsSetUp/CreditsScreen/1/7M/8OK3W8GC039OG2NBHJT63D
 |- Actor Path: /Game/Erin/CreditsSetUp/CreditsScreen.CreditsScreen:PersistentLevel.SkyAtmosphere_0
 |- Actor Package: /Game/__ExternalActors__/Erin/CreditsSetUp/CreditsScreen/D/X1/EMNUO31LH5UNX2EIP0QE9I
 |- Actor Path: /Game/Erin/CreditsSetUp/CreditsScreen.CreditsScreen:PersistentLevel.SkyLight_0
 |- Actor Package: /Game/__ExternalActors__/Erin/CreditsSetUp/CreditsScreen/E/AX/IRZRHCAXBG59MZJB4DKFAT
 |- Actor Path: /Game/Erin/CreditsSetUp/CreditsScreen.CreditsScreen:PersistentLevel.SpotLight_UAID_244BFE06136ED6AA02_1227829679
 |- Actor Package: /Game/__ExternalActors__/Erin/CreditsSetUp/CreditsScreen/9/EN/RWX5ATDZVSSAVY56TQ62RA
 |- Actor Path: /Game/Erin/CreditsSetUp/CreditsScreen.CreditsScreen:PersistentLevel.StaticMeshActor_UAID_244BFE06136E82AA02_1476976895
 |- Actor Package: /Game/__ExternalActors__/Erin/CreditsSetUp/CreditsScreen/E/VT/2FKII0MIU3Z1P7T1GLKMKC
 |- Actor Path: /Game/Erin/CreditsSetUp/CreditsScreen.CreditsScreen:PersistentLevel.StaticMeshActor_UAID_244BFE06136E82AA02_1976232901
 |- Actor Package: /Game/__ExternalActors__/Erin/CreditsSetUp/CreditsScreen/1/Q0/GBJX9AUN8J3QX7NAFIR4YY
 |- Actor Path: /Game/Erin/CreditsSetUp/CreditsScreen.CreditsScreen:PersistentLevel.StaticMeshActor_UAID_244BFE06136E83AA02_1159113078
 |- Actor Package: /Game/__ExternalActors__/Erin/CreditsSetUp/CreditsScreen/C/HV/0LF4WNBAS8BR4LWKD1CLS2
 |- Actor Path: /Game/Erin/CreditsSetUp/CreditsScreen.CreditsScreen:PersistentLevel.StaticMeshActor_UAID_A4AE111137DC5EFB00_2001720423
 |- Actor Package: /Game/__ExternalActors__/Erin/CreditsSetUp/CreditsScreen/7/RS/HFQOXFF1FH3UQ00DA9S87X
 |- Actor Path: /Game/Erin/CreditsSetUp/CreditsScreen.CreditsScreen:PersistentLevel.VolumetricCloud_0
 |- Actor Package: /Game/__ExternalActors__/Erin/CreditsSetUp/CreditsScreen/4/9W/ZKR4R2DMMN1VQ4JX7JCDRN
 |- Actor Path: /Game/Erin/CreditsSetUp/CreditsScreen.CreditsScreen:PersistentLevel.WorldDataLayers
 |- Actor Package: /Game/__ExternalActors__/Erin/CreditsSetUp/CreditsScreen/E/WP/SSHVWAD3HS65T8ZS46C7NQ

----------------------------------------------------------------------------------------------------------------
CreditsScreen - Runtime Hash Set
----------------------------------------------------------------------------------------------------------------

